[voxo] demo: 16 zones in 1 groups, 16 samples, 5.8 MB in memory.

[settings] window at 1296,0 (canvas 0,0 1280x720; work area 0,0 3840x2160)
[window] fullscreen on "HDMI-1" 3840x2160@60Hz (from 0,0 1280x720)
midi-sink 2.0.0-alpha.1-9-gfe92eb0 (commit fe92eb0, libsumi 1.1.0)  [--dev lab bench]
[settings] loaded /home/flux/.config/midi-sink/settings.ini
[voxo] USB Audio Digital Stereo (IEC958): 48000 Hz, 384 frames per block
[voxo] preset loaded:
demo: 16 zones in 1 groups, 16 samples, 5.8 MB in memory.

[swirl] 0xA0 amount 16
[plate] Janko: 252 eddies — one in every display cell (105 accidentals, 126 odd cells B reverses), radius 0.0184..0.0184 canvas heights at cell size 1.00, mode DISCS (exact, the water between rests)
[params] pinch variant CROSSED TINES
[params] viscosity 0.50  expansion 1.00  roughness 0.50  palette 0  layout 2
[params] ripple angle 15 deg
[params] viscosity 0.50  expansion 1.00  roughness 0.50  palette 0  layout 2
[swirl] 0xA0 amount 32
frames: 1615 in 16.01s (avg 100.8 fps), frame time min/max 0.65/50.25 ms
dropped MIDI messages: 0
[voxo storm] 68810 messages over 1509 frames; device USB Audio Digital Stereo (IEC958), 48000 Hz, 384 frames per block; 2969 callbacks, 23 XRuns, render max 0.134 ms (last 0.026), 0 dropped in Voxo's ring, 12 voices at the end
FAIL: voxo storm - XRuns (384 frames per block, 100.8 fps)
exit 1
