[sumi WARN] [sg:2] item=40 line=14163 file=?: (no message)
[sumi INFO] [sg:3] item=40 line=14164 file=?: C:\Users\pedro\projects\midi-sink\Shader@0x00007FF74C2801A0(158,42-65): warning X3571: pow(f, e) will not work for negative f, use abs(f) or conditionally handle negative values if you expect them
C:\Users\pedro\projects\midi-sink\Shader@0x00007FF74C2801A0(74,5): warning X4000: use of potentially uninitialized variable (sumi_burst_dphi)
C:\Users\pedro\projects\midi-sink\Shader@0x00007FF74C2801A0(107,5): warning X4000: use of potentially uninitialized variable (sumi_burst_g
[sumi WARN] [sg:2] item=40 line=14163 file=?: (no message)
[sumi INFO] [sg:3] item=40 line=14164 file=?: C:\Users\pedro\projects\midi-sink\Shader@0x00007FF74C27CF60(61,5): warning X4000: use of potentially uninitialized variable (sumi_e1)

[sumi WARN] [sg:2] item=40 line=14163 file=?: (no message)
[sumi INFO] [sg:3] item=40 line=14164 file=?: C:\Users\pedro\projects\midi-sink\Shader@0x00007FF74C2A79A0(528,23-61): warning X3571: pow(f, e) will not work for negative f, use abs(f) or conditionally handle negative values if you expect them
C:\Users\pedro\projects\midi-sink\Shader@0x00007FF74C2A79A0(528,146-184): warning X3571: pow(f, e) will not work for negative f, use abs(f) or conditionally handle negative values if you expect them
C:\Users\pedro\projects\midi-sink\Shader@0x00007FF74C2A79A0(328,31-63): warning X
[sumi WARN] [sg:2] item=40 line=14163 file=?: (no message)
[sumi INFO] [sg:3] item=40 line=14164 file=?: C:\Users\pedro\projects\midi-sink\Shader@0x00007FF74C2A79A0(528,23-61): warning X3571: pow(f, e) will not work for negative f, use abs(f) or conditionally handle negative values if you expect them
C:\Users\pedro\projects\midi-sink\Shader@0x00007FF74C2A79A0(528,146-184): warning X3571: pow(f, e) will not work for negative f, use abs(f) or conditionally handle negative values if you expect them
C:\Users\pedro\projects\midi-sink\Shader@0x00007FF74C2A79A0(328,31-63): warning X
[sumi WARN] [sg:2] item=40 line=14163 file=?: (no message)
[sumi INFO] [sg:3] item=40 line=14164 file=?: C:\Users\pedro\projects\midi-sink\Shader@0x00007FF74C2A79A0(528,23-61): warning X3571: pow(f, e) will not work for negative f, use abs(f) or conditionally handle negative values if you expect them
C:\Users\pedro\projects\midi-sink\Shader@0x00007FF74C2A79A0(528,146-184): warning X3571: pow(f, e) will not work for negative f, use abs(f) or conditionally handle negative values if you expect them
C:\Users\pedro\projects\midi-sink\Shader@0x00007FF74C2A79A0(328,31-63): warning X
[sumi INFO] renderer: sim targets 1280x720 (output 1280x720, sim_scale 1.000)
[sumi INFO] sumi_create: instance ready
[midi] input opened: loopMIDI Port 1
[midi] input opened: ROLI Airwave Expression 1
[sumi INFO] normalizer: input mode override -> MPE
[voxo] Dan Tranh: 48 zones in 1 groups, 48 samples, 44.9 MB in memory.

[settings] window at 1561,294 (canvas 265,294 1280x720; work area 0,0 5120x2100)
[sumi INFO] mapper: deform budget merged 99 emissions so far
[sumi INFO] mapper: deform budget merged 141 emissions so far
[sumi INFO] mapper: deform budget merged 187 emissions so far
[sumi INFO] mapper: deform budget merged 218 emissions so far
[sumi INFO] mapper: deform budget merged 273 emissions so far
[sumi INFO] mapper: deform budget merged 360 emissions so far
[sumi INFO] mapper: deform budget merged 413 emissions so far
[sumi INFO] mapper: deform budget merged 460 emissions so far
[sumi INFO] mapper: deform budget merged 499 emissions so far
[sumi INFO] mapper: deform budget merged 559 emissions so far
[sumi INFO] mapper: deform budget merged 626 emissions so far
[sumi INFO] mapper: deform budget merged 696 emissions so far
[sumi INFO] mapper: deform budget merged 752 emissions so far
[sumi INFO] mapper: deform budget merged 821 emissions so far
[sumi INFO] mapper: deform budget merged 857 emissions so far
[sumi INFO] mapper: deform budget merged 935 emissions so far
[sumi INFO] mapper: deform budget merged 988 emissions so far
[sumi INFO] mapper: deform budget merged 1060 emissions so far
[sumi INFO] mapper: deform budget merged 1123 emissions so far
[sumi INFO] mapper: deform budget merged 1160 emissions so far
[sumi INFO] mapper: deform budget merged 1234 emissions so far
[sumi INFO] mapper: deform budget merged 1276 emissions so far
[sumi INFO] mapper: deform budget merged 1327 emissions so far
[sumi INFO] mapper: deform budget merged 1412 emissions so far
[sumi INFO] mapper: deform budget merged 1486 emissions so far
[sumi INFO] mapper: deform budget merged 1530 emissions so far
[sumi INFO] mapper: deform budget merged 1578 emissions so far
[sumi INFO] mapper: deform budget merged 1624 emissions so far
[sumi INFO] mapper: deform budget merged 1660 emissions so far
[sumi INFO] mapper: deform budget merged 1717 emissions so far
[sumi INFO] mapper: deform budget merged 1744 emissions so far
[sumi INFO] mapper: deform budget merged 1832 emissions so far
[sumi INFO] mapper: deform budget merged 1894 emissions so far
[sumi INFO] sumi_destroy: instance destroyed
midi-sink 2.0.0-alpha.1-10-g8eed22e-dirty (commit 8eed22e, libsumi 1.1.0)  [--dev lab bench]
[settings] loaded C:\Users\pedro\AppData\Roaming\midi-sink\settings.ini
[voxo] LG ULTRAGEAR+ (NVIDIA High Definition Audio): 48000 Hz, 480 frames per block
[voxo] preset loaded:
Dan Tranh: 48 zones in 1 groups, 48 samples, 44.9 MB in memory.

frames: 10059 in 61.01s (avg 164.9 fps), frame time min/max 1.44/66.59 ms
dropped MIDI messages: 0
[voxo storm] 451121 messages over 9893 frames; device LG ULTRAGEAR+ (NVIDIA High Definition Audio), 48000 Hz, 480 frames per block; 11470 callbacks, 0 XRuns, render max 0.304 ms (last 0.019), 0 dropped in Voxo's ring, 11 voices at the end
ok  : voxo storm - glitch-free, the visuals at rate (480 frames per block, 164.9 fps)
exit=0
