To honour the JVM settings for this build a single-use Daemon process will be forked. For more on this, please refer to https://docs.gradle.org/9.5.0/userguide/gradle_daemon.html#sec:disabling_the_daemon in the Gradle documentation.
Daemon will be stopped at the end of the build 

> Configure project :app
WARNING: The option setting 'android.usesSdkInManifest.disallowed=false' is deprecated.
The current default is 'true'.
It will be removed in version 10.0 of the Android Gradle plugin.
Add android.sync.suppressAgpWarnings=UNSUPPORTED_PROJECT_OPTION_USE to the gradle.properties file to suppress this warning.
WARNING: The option setting 'android.sdk.defaultTargetSdkToCompileSdkIfUnset=false' is deprecated.
The current default is 'true'.
It will be removed in version 10.0 of the Android Gradle plugin.
Add android.sync.suppressAgpWarnings=UNSUPPORTED_PROJECT_OPTION_USE to the gradle.properties file to suppress this warning.
WARNING: The option setting 'android.enableAppCompileTimeRClass=false' is deprecated.
The current default is 'true'.
It will be removed in version 10.0 of the Android Gradle plugin.
Add android.sync.suppressAgpWarnings=UNSUPPORTED_PROJECT_OPTION_USE to the gradle.properties file to suppress this warning.
WARNING: The option setting 'android.builtInKotlin=false' is deprecated.
The current default is 'true'.
It will be removed in version 10.0 of the Android Gradle plugin.
Add android.sync.suppressAgpWarnings=UNSUPPORTED_PROJECT_OPTION_USE to the gradle.properties file to suppress this warning.
WARNING: The option setting 'android.newDsl=false' is deprecated.
The current default is 'true'.
It will be removed in version 10.0 of the Android Gradle plugin.
Add android.sync.suppressAgpWarnings=UNSUPPORTED_PROJECT_OPTION_USE to the gradle.properties file to suppress this warning.
WARNING: The option setting 'android.r8.optimizedResourceShrinking=false' is deprecated.
The current default is 'true'.
It will be removed in version 10.0 of the Android Gradle plugin.
Add android.sync.suppressAgpWarnings=UNSUPPORTED_PROJECT_OPTION_USE to the gradle.properties file to suppress this warning.
WARNING: The option setting 'android.defaults.buildfeatures.resvalues=true' is deprecated.
The current default is 'false'.
It will be removed in version 10.0 of the Android Gradle plugin.
Add android.sync.suppressAgpWarnings=UNSUPPORTED_PROJECT_OPTION_USE to the gradle.properties file to suppress this warning.
WARNING: API 'applicationVariants' is obsolete and has been replaced with 'AndroidComponentsExtension'.
It will be removed in version 10.0 of the Android Gradle plugin.
The legacy variant API is disabled by default in AGP 9.0, but can be re-enabled by adding 
    android.newDsl=false
to this project's gradle.properties file.
For more information, see http://developer.android.com/build/r/new-dsl.

To determine what is calling applicationVariants, use -Pandroid.debug.obsoleteApi=true on the command line to display more information.
Add android.sync.suppressAgpWarnings=DEPRECATED_DSL to the gradle.properties file to suppress this warning.
WARNING: API 'testVariants' is obsolete and has been replaced with 'AndroidComponentsExtension'.
It will be removed in version 10.0 of the Android Gradle plugin.
The legacy variant API is disabled by default in AGP 9.0, but can be re-enabled by adding 
    android.newDsl=false
to this project's gradle.properties file.
For more information, see http://developer.android.com/build/r/new-dsl.

To determine what is calling testVariants, use -Pandroid.debug.obsoleteApi=true on the command line to display more information.
Add android.sync.suppressAgpWarnings=DEPRECATED_DSL to the gradle.properties file to suppress this warning.
WARNING: API 'unitTestVariants' is obsolete and has been replaced with 'AndroidComponentsExtension'.
It will be removed in version 10.0 of the Android Gradle plugin.
The legacy variant API is disabled by default in AGP 9.0, but can be re-enabled by adding 
    android.newDsl=false
to this project's gradle.properties file.
For more information, see http://developer.android.com/build/r/new-dsl.

To determine what is calling unitTestVariants, use -Pandroid.debug.obsoleteApi=true on the command line to display more information.
Add android.sync.suppressAgpWarnings=DEPRECATED_DSL to the gradle.properties file to suppress this warning.
WARNING: The property android.dependency.excludeLibraryComponentsFromConstraints improves project import performance for very large projects. It should be enabled to improve performance.
To suppress this warning, add android.generateSyncIssueWhenLibraryConstraintsAreEnabled=false to gradle.properties
Add android.sync.suppressAgpWarnings=LIBRARY_CONSTRAINTS_SHOULD_BE_DISABLED to the gradle.properties file to suppress this warning.
WARNING: The property android.dependency.excludeLibraryComponentsFromConstraints improves project import performance for very large projects. It should be enabled to improve performance.
To suppress this warning, add android.generateSyncIssueWhenLibraryConstraintsAreEnabled=false to gradle.properties
Add android.sync.suppressAgpWarnings=LIBRARY_CONSTRAINTS_SHOULD_BE_DISABLED to the gradle.properties file to suppress this warning.
WARNING: The property android.dependency.excludeLibraryComponentsFromConstraints improves project import performance for very large projects. It should be enabled to improve performance.
To suppress this warning, add android.generateSyncIssueWhenLibraryConstraintsAreEnabled=false to gradle.properties
Add android.sync.suppressAgpWarnings=LIBRARY_CONSTRAINTS_SHOULD_BE_DISABLED to the gradle.properties file to suppress this warning.
WARNING: The property android.dependency.excludeLibraryComponentsFromConstraints improves project import performance for very large projects. It should be enabled to improve performance.
To suppress this warning, add android.generateSyncIssueWhenLibraryConstraintsAreEnabled=false to gradle.properties
Add android.sync.suppressAgpWarnings=LIBRARY_CONSTRAINTS_SHOULD_BE_DISABLED to the gradle.properties file to suppress this warning.

> Task :app:preBuild UP-TO-DATE
> Task :app:preDebugBuild UP-TO-DATE
> Task :app:mergeDebugNativeDebugMetadata NO-SOURCE
> Task :app:checkKotlinGradlePluginConfigurationErrors SKIPPED
> Task :app:generateDebugBuildConfig UP-TO-DATE
> Task :app:checkDebugAarMetadata UP-TO-DATE
> Task :app:generateDebugResValues UP-TO-DATE
> Task :app:mapDebugSourceSetPaths UP-TO-DATE
> Task :app:processDebugNavigationResources UP-TO-DATE
> Task :app:compileDebugNavigationResources UP-TO-DATE
> Task :app:generateDebugResources UP-TO-DATE
> Task :app:mergeDebugResources UP-TO-DATE
> Task :app:packageDebugResources UP-TO-DATE
> Task :app:parseDebugLocalResources UP-TO-DATE
> Task :app:createDebugCompatibleScreenManifests UP-TO-DATE
> Task :app:extractDeepLinksDebug UP-TO-DATE
> Task :app:processDebugMainManifest UP-TO-DATE
> Task :app:processDebugManifest UP-TO-DATE
> Task :app:processDebugManifestForPackage UP-TO-DATE
> Task :app:javaPreCompileDebug UP-TO-DATE
> Task :app:generateDebugAssets UP-TO-DATE
> Task :app:mergeDebugAssets UP-TO-DATE
> Task :app:compressDebugAssets UP-TO-DATE
> Task :app:generateDebugGlobalSynthetics UP-TO-DATE
> Task :app:checkDebugDuplicateClasses UP-TO-DATE
> Task :app:desugarDebugFileDependencies UP-TO-DATE
> Task :app:processDebugResources
> Task :app:mergeLibDexDebug
> Task :app:mergeExtDexDebug

> Task :app:configureCMakeDebug[arm64-v8a]
C/C++: CMake Warning (deprecated) at /home/flux/Android/Sdk/ndk/27.2.12479018/build/cmake/android.toolchain.cmake:35 (cmake_minimum_required):
C/C++:   Compatibility with CMake < 3.10 will be removed from a future version of
C/C++:   CMake.
C/C++:   Update the VERSION argument <min> value.  Or, use the <min>...<max> syntax
C/C++:   to tell CMake that the project requires at least <min> but has been updated
C/C++:   to work with policies introduced by <max> or earlier.
C/C++: Call Stack (most recent call first):
C/C++:   /home/flux/.local/opt/cmake-4.4.3/share/cmake-4.4/Modules/CMakeDetermineSystem.cmake:152 (include)
C/C++:   CMakeLists.txt:3 (project)
C/C++: This warning is for project developers.  Use -Wno-author or -Wno-deprecated
C/C++: to suppress it.
C/C++: CMake Warning (deprecated) at /home/flux/Android/Sdk/ndk/27.2.12479018/build/cmake/android-legacy.toolchain.cmake:35 (cmake_minimum_required):
C/C++:   Compatibility with CMake < 3.10 will be removed from a future version of
C/C++:   CMake.
C/C++:   Update the VERSION argument <min> value.  Or, use the <min>...<max> syntax
C/C++:   to tell CMake that the project requires at least <min> but has been updated
C/C++:   to work with policies introduced by <max> or earlier.
C/C++: Call Stack (most recent call first):
C/C++:   /home/flux/Android/Sdk/ndk/27.2.12479018/build/cmake/android.toolchain.cmake:55 (include)
C/C++:   /home/flux/.local/opt/cmake-4.4.3/share/cmake-4.4/Modules/CMakeDetermineSystem.cmake:152 (include)
C/C++:   CMakeLists.txt:3 (project)
C/C++: This warning is for project developers.  Use -Wno-author or -Wno-deprecated
C/C++: to suppress it.
C/C++: CMake Warning (deprecated) at /home/flux/Android/Sdk/ndk/27.2.12479018/build/cmake/android.toolchain.cmake:35 (cmake_minimum_required):
C/C++:   Compatibility with CMake < 3.10 will be removed from a future version of
C/C++:   CMake.
C/C++:   Update the VERSION argument <min> value.  Or, use the <min>...<max> syntax
C/C++:   to tell CMake that the project requires at least <min> but has been updated
C/C++:   to work with policies introduced by <max> or earlier.
C/C++: Call Stack (most recent call first):
C/C++:   android/app/.cxx/Debug/3t5h2452/arm64-v8a/CMakeFiles/4.4.3/CMakeSystem.cmake:6 (include)
C/C++:   CMakeLists.txt:3 (project)
C/C++: This warning is for project developers.  Use -Wno-author or -Wno-deprecated
C/C++: to suppress it.
C/C++: CMake Warning (deprecated) at /home/flux/Android/Sdk/ndk/27.2.12479018/build/cmake/flags.cmake:18 (cmake_minimum_required):
C/C++:   Compatibility with CMake < 3.10 will be removed from a future version of
C/C++:   CMake.
C/C++:   Update the VERSION argument <min> value.  Or, use the <min>...<max> syntax
C/C++:   to tell CMake that the project requires at least <min> but has been updated
C/C++:   to work with policies introduced by <max> or earlier.
C/C++: Call Stack (most recent call first):
C/C++:   /home/flux/.local/opt/cmake-4.4.3/share/cmake-4.4/Modules/Platform/Android-Clang.cmake:23 (include)
C/C++:   /home/flux/.local/opt/cmake-4.4.3/share/cmake-4.4/Modules/Platform/Android-Clang-C.cmake:1 (include)
C/C++:   /home/flux/.local/opt/cmake-4.4.3/share/cmake-4.4/Modules/CMakeCInformation.cmake:48 (include)
C/C++:   CMakeLists.txt:3 (project)
C/C++: This warning is for project developers.  Use -Wno-author or -Wno-deprecated
C/C++: to suppress it.
C/C++: CMake Warning (deprecated) at /home/flux/Android/Sdk/ndk/27.2.12479018/build/cmake/android.toolchain.cmake:35 (cmake_minimum_required):
C/C++:   Compatibility with CMake < 3.10 will be removed from a future version of
C/C++:   CMake.
C/C++:   Update the VERSION argument <min> value.  Or, use the <min>...<max> syntax
C/C++:   to tell CMake that the project requires at least <min> but has been updated
C/C++:   to work with policies introduced by <max> or earlier.
C/C++: Call Stack (most recent call first):
C/C++:   /home/flux/projects/midi-sink/android/app/.cxx/Debug/3t5h2452/arm64-v8a/CMakeFiles/4.4.3/CMakeSystem.cmake:6 (include)
C/C++:   /home/flux/projects/midi-sink/android/app/.cxx/Debug/3t5h2452/arm64-v8a/CMakeFiles/CMakeScratch/TryCompile-OpMoil/CMakeLists.txt:2 (project)
C/C++: This warning is for project developers.  Use -Wno-author or -Wno-deprecated
C/C++: to suppress it.
C/C++: CMake Warning (deprecated) at /home/flux/Android/Sdk/ndk/27.2.12479018/build/cmake/android-legacy.toolchain.cmake:35 (cmake_minimum_required):
C/C++:   Compatibility with CMake < 3.10 will be removed from a future version of
C/C++:   CMake.
C/C++:   Update the VERSION argument <min> value.  Or, use the <min>...<max> syntax
C/C++:   to tell CMake that the project requires at least <min> but has been updated
C/C++:   to work with policies introduced by <max> or earlier.
C/C++: Call Stack (most recent call first):
C/C++:   /home/flux/Android/Sdk/ndk/27.2.12479018/build/cmake/android.toolchain.cmake:55 (include)
C/C++:   /home/flux/projects/midi-sink/android/app/.cxx/Debug/3t5h2452/arm64-v8a/CMakeFiles/4.4.3/CMakeSystem.cmake:6 (include)
C/C++:   /home/flux/projects/midi-sink/android/app/.cxx/Debug/3t5h2452/arm64-v8a/CMakeFiles/CMakeScratch/TryCompile-OpMoil/CMakeLists.txt:2 (project)
C/C++: This warning is for project developers.  Use -Wno-author or -Wno-deprecated
C/C++: to suppress it.
C/C++: CMake Warning (deprecated) at /home/flux/Android/Sdk/ndk/27.2.12479018/build/cmake/flags.cmake:18 (cmake_minimum_required):
C/C++:   Compatibility with CMake < 3.10 will be removed from a future version of
C/C++:   CMake.
C/C++:   Update the VERSION argument <min> value.  Or, use the <min>...<max> syntax
C/C++:   to tell CMake that the project requires at least <min> but has been updated
C/C++:   to work with policies introduced by <max> or earlier.
C/C++: Call Stack (most recent call first):
C/C++:   /home/flux/.local/opt/cmake-4.4.3/share/cmake-4.4/Modules/Platform/Android-Clang.cmake:23 (include)
C/C++:   /home/flux/.local/opt/cmake-4.4.3/share/cmake-4.4/Modules/Platform/Android-Clang-C.cmake:1 (include)
C/C++:   /home/flux/.local/opt/cmake-4.4.3/share/cmake-4.4/Modules/CMakeCInformation.cmake:48 (include)
C/C++:   /home/flux/projects/midi-sink/android/app/.cxx/Debug/3t5h2452/arm64-v8a/CMakeFiles/CMakeScratch/TryCompile-OpMoil/CMakeLists.txt:2 (project)
C/C++: This warning is for project developers.  Use -Wno-author or -Wno-deprecated
C/C++: to suppress it.
C/C++: CMake Warning (deprecated) at /home/flux/Android/Sdk/ndk/27.2.12479018/build/cmake/android.toolchain.cmake:35 (cmake_minimum_required):
C/C++:   Compatibility with CMake < 3.10 will be removed from a future version of
C/C++:   CMake.
C/C++:   Update the VERSION argument <min> value.  Or, use the <min>...<max> syntax
C/C++:   to tell CMake that the project requires at least <min> but has been updated
C/C++:   to work with policies introduced by <max> or earlier.
C/C++: Call Stack (most recent call first):
C/C++:   /home/flux/projects/midi-sink/android/app/.cxx/Debug/3t5h2452/arm64-v8a/CMakeFiles/4.4.3/CMakeSystem.cmake:6 (include)
C/C++:   /home/flux/projects/midi-sink/android/app/.cxx/Debug/3t5h2452/arm64-v8a/CMakeFiles/CMakeScratch/TryCompile-OQQoJl/CMakeLists.txt:2 (project)
C/C++: This warning is for project developers.  Use -Wno-author or -Wno-deprecated
C/C++: to suppress it.
C/C++: CMake Warning (deprecated) at /home/flux/Android/Sdk/ndk/27.2.12479018/build/cmake/android-legacy.toolchain.cmake:35 (cmake_minimum_required):
C/C++:   Compatibility with CMake < 3.10 will be removed from a future version of
C/C++:   CMake.
C/C++:   Update the VERSION argument <min> value.  Or, use the <min>...<max> syntax
C/C++:   to tell CMake that the project requires at least <min> but has been updated
C/C++:   to work with policies introduced by <max> or earlier.
C/C++: Call Stack (most recent call first):
C/C++:   /home/flux/Android/Sdk/ndk/27.2.12479018/build/cmake/android.toolchain.cmake:55 (include)
C/C++:   /home/flux/projects/midi-sink/android/app/.cxx/Debug/3t5h2452/arm64-v8a/CMakeFiles/4.4.3/CMakeSystem.cmake:6 (include)
C/C++:   /home/flux/projects/midi-sink/android/app/.cxx/Debug/3t5h2452/arm64-v8a/CMakeFiles/CMakeScratch/TryCompile-OQQoJl/CMakeLists.txt:2 (project)
C/C++: This warning is for project developers.  Use -Wno-author or -Wno-deprecated
C/C++: to suppress it.
C/C++: CMake Warning (deprecated) at /home/flux/Android/Sdk/ndk/27.2.12479018/build/cmake/flags.cmake:18 (cmake_minimum_required):
C/C++:   Compatibility with CMake < 3.10 will be removed from a future version of
C/C++:   CMake.
C/C++:   Update the VERSION argument <min> value.  Or, use the <min>...<max> syntax
C/C++:   to tell CMake that the project requires at least <min> but has been updated
C/C++:   to work with policies introduced by <max> or earlier.
C/C++: Call Stack (most recent call first):
C/C++:   /home/flux/.local/opt/cmake-4.4.3/share/cmake-4.4/Modules/Platform/Android-Clang.cmake:23 (include)
C/C++:   /home/flux/.local/opt/cmake-4.4.3/share/cmake-4.4/Modules/Platform/Android-Clang-CXX.cmake:1 (include)
C/C++:   /home/flux/.local/opt/cmake-4.4.3/share/cmake-4.4/Modules/CMakeCXXInformation.cmake:48 (include)
C/C++:   /home/flux/projects/midi-sink/android/app/.cxx/Debug/3t5h2452/arm64-v8a/CMakeFiles/CMakeScratch/TryCompile-OQQoJl/CMakeLists.txt:2 (project)
C/C++: This warning is for project developers.  Use -Wno-author or -Wno-deprecated
C/C++: to suppress it.
C/C++: CMake Warning (deprecated) at android/app/.cxx/Debug/3t5h2452/arm64-v8a/_deps/glm-src/CMakeLists.txt:1 (cmake_minimum_required):
C/C++:   Compatibility with CMake < 3.10 will be removed from a future version of
C/C++:   CMake.
C/C++:   Update the VERSION argument <min> value.  Or, use the <min>...<max> syntax
C/C++:   to tell CMake that the project requires at least <min> but has been updated
C/C++:   to work with policies introduced by <max> or earlier.
C/C++: This warning is for project developers.  Use -Wno-author or -Wno-deprecated
C/C++: to suppress it.
C/C++: CMake Warning (deprecated) at android/app/.cxx/Debug/3t5h2452/arm64-v8a/_deps/glm-src/CMakeLists.txt:2 (cmake_policy):
C/C++:   Compatibility with CMake < 3.10 will be removed from a future version of
C/C++:   CMake.
C/C++:   Update the VERSION argument <min> value.  Or, use the <min>...<max> syntax
C/C++:   to tell CMake that the project requires at least <min> but has been updated
C/C++:   to work with policies introduced by <max> or earlier.
C/C++: This warning is for project developers.  Use -Wno-author or -Wno-deprecated
C/C++: to suppress it.

> Task :app:compileDebugKotlin
w: file:///home/flux/projects/midi-sink/android/app/src/main/java/com/vibetuned/midisink/MainActivity.kt:444:18 This declaration overrides a deprecated member but is not marked as deprecated itself. Add the '@Deprecated' annotation or suppress the diagnostic.
w: file:///home/flux/projects/midi-sink/android/app/src/main/java/com/vibetuned/midisink/MainActivity.kt:446:15 'fun onRequestPermissionsResult(requestCode: Int, permissions: Array<String>, grantResults: IntArray): Unit' is deprecated. This method has been deprecated in favor of using the Activity Result API
      which brings increased type safety via an {@link ActivityResultContract} and the prebuilt
      contracts for common intents available in
      {@link androidx.activity.result.contract.ActivityResultContracts}, provides hooks for
      testing, and allow receiving results in separate, testable classes independent from your
      activity. Use
      {@link #registerForActivityResult(ActivityResultContract, ActivityResultCallback)} passing
      in a {@link RequestMultiplePermissions} object for the {@link ActivityResultContract} and
      handling the result in the {@link ActivityResultCallback#onActivityResult(Object) callback}.

> Task :app:compileDebugJavaWithJavac
> Task :app:processDebugJavaRes
> Task :app:mergeDebugJavaResource
> Task :app:dexBuilderDebug
> Task :app:mergeProjectDexDebug
> Task :app:buildCMakeDebug[arm64-v8a][sumi-shell]
> Task :app:mergeDebugJniLibFolders
> Task :app:mergeDebugNativeLibs
> Task :app:validateSigningDebug
> Task :app:writeDebugAppMetadata
> Task :app:writeDebugSigningConfigVersions
> Task :app:stripDebugDebugSymbols
> Task :app:packageDebug
> Task :app:createDebugApkListingFileRedirect
> Task :app:assembleDebug

BUILD SUCCESSFUL in 29s
40 actionable tasks: 19 executed, 21 up-to-date
Consider enabling configuration cache to speed up this build: https://docs.gradle.org/9.5.0/userguide/configuration_cache_enabling.html
gradle exit 0
