[sumi WARN] [sg:2] item=40 line=14163 file=?: (no message)
[sumi INFO] [sg:3] item=40 line=14164 file=?: C:\Users\pedro\projects\midi-sink\Shader@0x00007FF7C20A7750(61,5): warning X4000: use of potentially uninitialized variable (sumi_e1)

[sumi WARN] [sg:2] item=40 line=14163 file=?: (no message)
[sumi INFO] [sg:3] item=40 line=14164 file=?: C:\Users\pedro\projects\midi-sink\Shader@0x00007FF7C20BA9E0(157,22-60): warning X3571: pow(f, e) will not work for negative f, use abs(f) or conditionally handle negative values if you expect them
C:\Users\pedro\projects\midi-sink\Shader@0x00007FF7C20BA9E0(157,145-183): warning X3571: pow(f, e) will not work for negative f, use abs(f) or conditionally handle negative values if you expect them
C:\Users\pedro\projects\midi-sink\Shader@0x00007FF7C20BA9E0(166,29-36): warning X
[sumi WARN] [sg:2] item=40 line=14163 file=?: (no message)
[sumi INFO] [sg:3] item=40 line=14164 file=?: C:\Users\pedro\projects\midi-sink\Shader@0x00007FF7C20BA9E0(157,22-60): warning X3571: pow(f, e) will not work for negative f, use abs(f) or conditionally handle negative values if you expect them
C:\Users\pedro\projects\midi-sink\Shader@0x00007FF7C20BA9E0(157,145-183): warning X3571: pow(f, e) will not work for negative f, use abs(f) or conditionally handle negative values if you expect them
C:\Users\pedro\projects\midi-sink\Shader@0x00007FF7C20BA9E0(166,29-36): warning X
[sumi INFO] renderer: sim targets 1280x720 (output 1280x720, sim_scale 1.000)
[sumi INFO] sumi_create: instance ready
[midi] input opened: loopMIDI Port 1
[midi] input opened: ROLI Airwave Expression 1
[midi] input opened: ROLI Airwave Pedal 1
[midi] input opened: ROLI Piano 1
[sumi INFO] normalizer: input mode override -> MPE
[settings] window at 1296,0 (canvas 0,0 1280x720; work area 0,0 5120x2100)
[sumi INFO] normalizer: input mode override -> MPE
[sumi INFO] normalizer: input mode override -> MPE
[sumi INFO] sumi_destroy: instance destroyed
