--------- beginning of main
09-02 20:20:44.150 13734 13753 I sumi-shell: render thread up
09-02 20:20:44.317 13734 13734 I sumi-shell: surface capped: view 1848x2960 -> surface 924x1480
09-02 20:20:44.323 13734 13753 I sumi-shell: EGL context created (ES3)
09-02 20:20:44.325 13734 13753 I sumi    : swapchain_gl: context GL OpenGL ES 3.2 V@0615.98 (GIT@0c393b63cf, I94e2bd5684, 1746191168) (Date:05/02/25) on Adreno (TM) 730
09-02 20:20:44.326 13734 13753 I sumi    : swapchain_gl: EXT_color_buffer_half_float present
09-02 20:20:44.339 13734 13753 I sumi    : renderer: sim targets 924x1480 (output 924x1480, sim_scale 1.000)
09-02 20:20:44.339 13734 13753 I sumi    : sumi_create: instance ready
09-02 20:20:44.340 13734 13753 I sumi    : renderer: sim targets 693x1110 (output 924x1480, sim_scale 0.750)
09-02 20:20:44.340 13734 13753 I sumi-shell: sumi 0.2.0 ready, 924x1480 @2.00x
09-02 20:20:44.340 13734 13753 I sumi-shell: # t=0.0 surface attached 924x1480
09-02 20:20:47.157 13734 13755 I sumi-shell: starting stress feeder: 4 min
09-02 20:20:47.158 13734 13768 I sumi-shell: stress feeder: 4 minutes (device MIDI ingestion paused)
09-02 20:20:47.160 13734 13753 I sumi    : normalizer: input mode -> MPE
09-02 20:20:47.160 13734 13753 I sumi    : normalizer: MCM lower zone, 15 member channels
09-02 20:21:04.085 13734 13734 I sumi-shell: surface capped: view 2960x1848 -> surface 1480x924
09-02 20:21:04.094 13734 13753 I sumi    : renderer: sim targets 1110x693 (output 1480x924, sim_scale 0.750)
09-02 20:21:12.223 13734 13734 I sumi-shell: surface capped: view 1848x2960 -> surface 924x1480
09-02 20:21:12.230 13734 13753 I sumi    : renderer: sim targets 693x1110 (output 924x1480, sim_scale 0.750)
09-02 20:21:17.467 13734 13753 I sumi    : normalizer: MCM lower zone, 15 member channels
09-02 20:21:20.371 13734 13734 I sumi-shell: surface capped: view 2960x1848 -> surface 1480x924
09-02 20:21:20.382 13734 13753 I sumi    : renderer: sim targets 1110x693 (output 1480x924, sim_scale 0.750)
09-02 20:21:28.569 13734 13734 I sumi-shell: surface capped: view 1848x2960 -> surface 924x1480
09-02 20:21:28.579 13734 13753 I sumi    : renderer: sim targets 693x1110 (output 924x1480, sim_scale 0.750)
09-02 20:21:36.729 13734 13734 I sumi-shell: surface capped: view 2960x1848 -> surface 1480x924
09-02 20:21:36.735 13734 13753 I sumi    : renderer: sim targets 1110x693 (output 1480x924, sim_scale 0.750)
09-02 20:21:45.770 13734 13753 I sumi-shell: # t=61.4 surface released
09-02 20:21:47.944 13734 13753 I sumi-shell: # t=63.6 surface attached 1480x924
09-02 20:21:47.945 13734 13753 I sumi    : normalizer: MCM lower zone, 15 member channels
09-02 20:21:47.945 13734 13753 W sumi    : mapper: ring overflow - arming voice inactivity timeouts
09-02 20:21:53.920 13734 13753 I sumi-shell: # t=69.6 surface released
09-02 20:21:56.167 13734 13753 I sumi-shell: # t=71.8 surface attached 1480x924
09-02 20:22:02.166 13734 13753 I sumi-shell: # t=77.8 surface released
09-02 20:22:04.426 13734 13753 I sumi-shell: # t=80.1 surface attached 1480x924
09-02 20:22:10.407 13734 13753 I sumi-shell: # t=86.1 surface released
09-02 20:22:12.649 13734 13753 I sumi-shell: # t=88.3 surface attached 1480x924
09-02 20:22:18.067 13734 13753 I sumi    : normalizer: MCM lower zone, 15 member channels
09-02 20:22:18.649 13734 13753 I sumi-shell: # t=94.3 surface released
09-02 20:22:20.906 13734 13753 I sumi-shell: # t=96.6 surface attached 1480x924
09-02 20:22:26.155 13734 13734 I sumi-shell: surface capped: view 1848x2960 -> surface 924x1480
09-02 20:22:26.163 13734 13753 I sumi    : renderer: sim targets 693x1110 (output 924x1480, sim_scale 0.750)
09-02 20:22:48.367 13734 13753 I sumi    : normalizer: MCM lower zone, 15 member channels
09-02 20:23:18.667 13734 13753 I sumi    : normalizer: MCM lower zone, 15 member channels
