--------- beginning of main
09-02 20:24:36.108 14285 14305 I sumi-shell: render thread up
09-02 20:24:36.267 14285 14285 I sumi-shell: surface capped: view 1848x2960 -> surface 924x1480
09-02 20:24:36.272 14285 14305 I sumi-shell: EGL context created (ES3)
09-02 20:24:36.273 14285 14305 I sumi    : swapchain_gl: context GL OpenGL ES 3.2 V@0615.98 (GIT@0c393b63cf, I94e2bd5684, 1746191168) (Date:05/02/25) on Adreno (TM) 730
09-02 20:24:36.273 14285 14305 I sumi    : swapchain_gl: EXT_color_buffer_half_float present
09-02 20:24:36.279 14285 14305 I sumi    : renderer: sim targets 924x1480 (output 924x1480, sim_scale 1.000)
09-02 20:24:36.279 14285 14305 I sumi    : sumi_create: instance ready
09-02 20:24:36.280 14285 14305 I sumi    : renderer: sim targets 693x1110 (output 924x1480, sim_scale 0.750)
09-02 20:24:36.280 14285 14305 I sumi-shell: sumi 0.2.0 ready, 924x1480 @2.00x
09-02 20:24:36.280 14285 14305 I sumi-shell: # t=0.0 surface attached 924x1480
09-02 20:24:39.117 14285 14307 I sumi-shell: starting stress feeder: 3 min
09-02 20:24:39.118 14285 14324 I sumi-shell: stress feeder: 3 minutes (device MIDI ingestion paused)
09-02 20:24:39.120 14285 14305 I sumi    : normalizer: input mode -> MPE
09-02 20:24:39.120 14285 14305 I sumi    : normalizer: MCM lower zone, 15 member channels
09-02 20:24:51.847 14285 14305 I sumi-shell: # t=15.6 surface released
09-02 20:24:53.546 14285 14305 I sumi-shell: # t=17.3 surface attached 924x1480
09-02 20:24:59.592 14285 14305 I sumi-shell: # t=23.3 surface released
09-02 20:25:01.308 14285 14305 I sumi-shell: # t=25.0 surface attached 924x1480
09-02 20:25:07.336 14285 14305 I sumi-shell: # t=31.1 surface released
09-02 20:25:09.057 14285 14305 I sumi-shell: # t=32.8 surface attached 924x1480
09-02 20:25:09.421 14285 14305 I sumi    : normalizer: MCM lower zone, 15 member channels
09-02 20:25:15.095 14285 14305 I sumi-shell: # t=38.8 surface released
09-02 20:25:16.808 14285 14305 I sumi-shell: # t=40.5 surface attached 924x1480
09-02 20:25:22.848 14285 14305 I sumi-shell: # t=46.6 surface released
09-02 20:25:24.548 14285 14305 I sumi-shell: # t=48.3 surface attached 924x1480
09-02 20:25:30.589 14285 14305 I sumi-shell: # t=54.3 surface released
09-02 20:25:32.311 14285 14305 I sumi-shell: # t=56.0 surface attached 924x1480
09-02 20:25:38.331 14285 14305 I sumi-shell: # t=62.1 surface released
09-02 20:25:40.064 14285 14305 I sumi-shell: # t=63.8 surface attached 924x1480
09-02 20:25:40.064 14285 14305 I sumi    : normalizer: MCM lower zone, 15 member channels
09-02 20:25:46.101 14285 14305 I sumi-shell: # t=69.8 surface released
09-02 20:25:47.827 14285 14305 I sumi-shell: # t=71.5 surface attached 924x1480
09-02 20:25:53.842 14285 14305 I sumi-shell: # t=77.6 surface released
09-02 20:25:55.563 14285 14305 I sumi-shell: # t=79.3 surface attached 924x1480
09-02 20:26:01.599 14285 14305 I sumi-shell: # t=85.3 surface released
09-02 20:26:03.334 14285 14305 I sumi-shell: # t=87.1 surface attached 924x1480
09-02 20:26:10.027 14285 14305 I sumi    : normalizer: MCM lower zone, 15 member channels
09-02 20:26:40.327 14285 14305 I sumi    : normalizer: MCM lower zone, 15 member channels
09-02 20:27:10.628 14285 14305 I sumi    : normalizer: MCM lower zone, 15 member channels
09-02 20:27:39.421 14285 14324 I sumi-shell: stress feeder done: 6 cycles, 410688 messages
09-02 20:27:39.422 14285 14305 I sumi-shell: # stress feeder done, 410688 messages, dropped=0
