== 2026-09-22T07:29:35Z midi-sink --dev --soak spark-shear (Metal, 6000-pass stream)
[sumi INFO] renderer: sim targets 2560x1440 (output 2560x1440, sim_scale 1.000)
[sumi INFO] sumi_create: instance ready
[sumi INFO] renderer: sim targets 512x512 (output 512x512, sim_scale 1.000)
[sumi INFO] normalizer: input mode -> MPE
[sumi INFO] normalizer: MCM lower zone, 15 member channels
[sumi INFO] renderer: paper-dip print ready
[sumi INFO] normalizer: MCM lower zone, 15 member channels
[sumi INFO] renderer: paper-dip print ready
[sumi INFO] sumi_destroy: instance destroyed
midi-sink 1.0.0-dirty (commit 7cef150, libsumi 0.13.0)  [--dev lab bench]
[soak] spark-shear: 500 pairs + 6000-pass stream + 6000-pass glide-tine control
[soak] spark-shear (a) class exact: spark shear: x1 = x + A w(y) f(y), y1 = y + B w(x1) f(x1) - two shears, exact for ANY profile (a triangle stack here); the inverse is (0,-B) then (-A,0), reversed order (MEDIUM 2.4)
[soak] spark-shear pairs 100: ink mass 85305 (base 85553, -0.29%)
[soak] spark-shear pairs 200: ink mass 85075 (base 85553, -0.56%)
[soak] spark-shear pairs 300: ink mass 85045 (base 85553, -0.59%)
[soak] spark-shear pairs 400: ink mass 85050 (base 85553, -0.59%)
[soak] spark-shear pairs 500: ink mass 85182 (base 85553, -0.43%)
[soak] spark-shear pairs delta: edge band +0, interior -371 | inked region -11703, water +11332 (base 85553)
ok:   [soak] spark-shear (b) inversion: 500 (+k,-k) pairs hold ink mass -0.59%/+0.00% (|<= 5%|), pre-image dev 3.60 texel (<= 8.0)
[soak] spark-shear stream 1000 passes: ink mass 99712 (base 101612, -1.87%)
[soak] spark-shear stream 2000 passes: ink mass 97972 (base 101612, -3.58%)
[soak] spark-shear stream 3000 passes: ink mass 96108 (base 101612, -5.42%)
[soak] spark-shear stream 4000 passes: ink mass 94231 (base 101612, -7.26%)
[soak] spark-shear stream 5000 passes: ink mass 92335 (base 101612, -9.13%)
[soak] spark-shear stream 6000 passes: ink mass 90458 (base 101612, -10.98%)
ok:   [soak] spark-shear (c) fabrication: mass grew at most +0.00% over 6000 passes (0.0e+00/pass; <= 0.5% or <= 5e-05/pass), edge band +446 / interior -11601; the route moved 240990 texels (alive)
ok:   [soak] spark-shear (d) erosion: 1.83e-05/pass vs glide-tine control 1.15e-05/pass (x1.59 <= 2)
[soak] spark-shear SUMMARY class=exact pairs_mass_lo=-0.59% pairs_mass_hi=+0.00% preimage_dev=3.60 growth=+0.00% rate=1.83e-05 control=1.15e-05 ratio=1.59 passes=6000
[t19] 3/3 checks passed
