== 2026-09-22T11:34:37Z midi-sink --dev --soak chirikov (Metal, 6000-pass stream through the delta route, ceiling 1.25)
[sumi INFO] renderer: sim targets 2560x1440 (output 2560x1440, sim_scale 1.000)
[sumi INFO] sumi_create: instance ready
[sumi INFO] renderer: sim targets 512x512 (output 512x512, sim_scale 1.000)
[sumi INFO] normalizer: input mode -> MPE
[sumi INFO] normalizer: MCM lower zone, 15 member channels
[sumi INFO] renderer: paper-dip print ready
[sumi INFO] normalizer: MCM lower zone, 15 member channels
[sumi INFO] renderer: paper-dip print ready
[sumi INFO] sumi_destroy: instance destroyed
midi-sink 1.0.0-dirty (commit 7cef150, libsumi 0.14.0)  [--dev lab bench]
[soak] chirikov: 500 pairs + 6000-pass stream + 6000-pass glide-tine control
[soak] chirikov (a) class exact: Chirikov standard map: the kick y1 = y + A sin(k(x-xc)+phi) then the drift x1 = x + eps (y1-yc) - two shears -> det J = 1 at any K; the inverse undoes the drift first (MEDIUM 2.5)
[soak] chirikov pairs 100: ink mass 85457 (base 85553, -0.11%)
[soak] chirikov pairs 200: ink mass 85811 (base 85553, +0.30%)
[soak] chirikov pairs 300: ink mass 86329 (base 85553, +0.91%)
[soak] chirikov pairs 400: ink mass 86956 (base 85553, +1.64%)
[soak] chirikov pairs 500: ink mass 87830 (base 85553, +2.66%)
[soak] chirikov pairs delta: edge band +0, interior +2277 | inked region -6116, water +8393 (base 85553)
ok:   [soak] chirikov (b) inversion: 500 (+k,-k) pairs hold ink mass -0.11%/+2.66% (|<= 5%|), pre-image dev 6.06 texel (<= 8.0)
[soak] chirikov stream 1000 passes: ink mass 104436 (base 104258, +0.17%)
[soak] chirikov stream 2000 passes: ink mass 104492 (base 104258, +0.22%)
[soak] chirikov stream 3000 passes: ink mass 104538 (base 104258, +0.27%)
[soak] chirikov stream 4000 passes: ink mass 104583 (base 104258, +0.31%)
[soak] chirikov stream 5000 passes: ink mass 104622 (base 104258, +0.35%)
[soak] chirikov stream 6000 passes: ink mass 104678 (base 104258, +0.40%)
ok:   [soak] chirikov (c) fabrication: mass grew at most +0.40% over 6000 passes (6.7e-07/pass; <= 0.5% or <= 5e-05/pass), edge band +0 / interior +426; the route moved 259584 texels (alive)
ok:   [soak] chirikov (d) erosion: -6.81e-07/pass vs glide-tine control 1.15e-05/pass (x-0.06 <= 2)
[soak] chirikov SUMMARY class=exact pairs_mass_lo=-0.11% pairs_mass_hi=+2.66% preimage_dev=6.06 growth=+0.40% rate=-6.81e-07 control=1.15e-05 ratio=-0.06 passes=6000
[t19] 3/3 checks passed
