== 2026-09-22T11:26:31Z midi-sink --dev --soak chirikov-sweep (Metal; 6000 frames per K, one full step every other frame; route ceiling 1.25)
[sumi INFO] renderer: sim targets 2560x1440 (output 2560x1440, sim_scale 1.000)
[sumi INFO] sumi_create: instance ready
[sumi INFO] renderer: sim targets 512x512 (output 512x512, sim_scale 1.000)
[sumi INFO] renderer: paper-dip print ready
[sumi INFO] normalizer: input mode -> MPE
[sumi INFO] normalizer: MCM lower zone, 15 member channels
[sumi INFO] renderer: paper-dip print ready
[sumi INFO] normalizer: MCM lower zone, 15 member channels
[sumi INFO] renderer: paper-dip print ready
[sumi INFO] normalizer: MCM lower zone, 15 member channels
[sumi INFO] renderer: paper-dip print ready
[sumi INFO] normalizer: MCM lower zone, 15 member channels
[sumi INFO] renderer: paper-dip print ready
[sumi INFO] normalizer: MCM lower zone, 15 member channels
[sumi INFO] renderer: paper-dip print ready
[sumi INFO] normalizer: MCM lower zone, 15 member channels
[sumi INFO] renderer: paper-dip print ready
[sumi INFO] normalizer: MCM lower zone, 15 member channels
[sumi INFO] renderer: paper-dip print ready
[sumi INFO] normalizer: MCM lower zone, 15 member channels
[sumi INFO] renderer: paper-dip print ready
[sumi INFO] sumi_destroy: instance destroyed
midi-sink 1.0.0-dirty (commit 7cef150, libsumi 0.14.0)  [--dev lab bench]
[sweep] Chirikov erosion sweep: 6000 frames per K, one full step every other frame (periods 2, eps 0.5, phase 0.3, centre (0.5, 0.5)); the scene, voice and window of the four-part gate
[sweep] glide-tine control: 1.15e-05/pass
[sweep] | K per step | flushed by 1000 | erosion/pass, whole | x tine | erosion/pass after the flush | x tine | visible ink kept | boundary x | (d) whole | (d) after the flush |
[sweep] |---|---|---|---|---|---|---|---|---|---|
[sweep] K=0.2500 1000 frames: ink mass 42779 (base 101978, -58.05%)
[sweep] K=0.2500 2000 frames: ink mass 40842 (base 101978, -59.95%)
[sweep] K=0.2500 3000 frames: ink mass 39800 (base 101978, -60.97%)
[sweep] K=0.2500 4000 frames: ink mass 39134 (base 101978, -61.63%)
[sweep] K=0.2500 5000 frames: ink mass 38582 (base 101978, -62.17%)
[sweep] K=0.2500 6000 frames: ink mass 38146 (base 101978, -62.59%)
[sweep] | 0.2500 | 58% | 1.04e-04 | x9.07 | 2.17e-05 | x1.88 | 67% | x1.2 | RED | green |
[sweep] K=0.2500 growth=+0.00% flushed=0.581 rate=1.04e-04 rate_postflush=2.17e-05 control=1.15e-05 ratio=9.07 ratio_postflush=1.88 kept=0.671 boundary=1.2 moved=262063 c=green d=RED d_postflush=green
[sweep] K=0.5000 1000 frames: ink mass 54168 (base 101978, -46.88%)
[sweep] K=0.5000 2000 frames: ink mass 52487 (base 101978, -48.53%)
[sweep] K=0.5000 3000 frames: ink mass 51640 (base 101978, -49.36%)
[sweep] K=0.5000 4000 frames: ink mass 51302 (base 101978, -49.69%)
[sweep] K=0.5000 5000 frames: ink mass 51085 (base 101978, -49.91%)
[sweep] K=0.5000 6000 frames: ink mass 51002 (base 101978, -49.99%)
[sweep] | 0.5000 | 47% | 8.33e-05 | x7.24 | 1.17e-05 | x1.02 | 96% | x1.5 | RED | green |
[sweep] K=0.5000 growth=+0.00% flushed=0.469 rate=8.33e-05 rate_postflush=1.17e-05 control=1.15e-05 ratio=7.24 ratio_postflush=1.02 kept=0.955 boundary=1.5 moved=262051 c=green d=RED d_postflush=green
[sweep] K=0.7500 1000 frames: ink mass 58884 (base 101978, -42.26%)
[sweep] K=0.7500 2000 frames: ink mass 57097 (base 101978, -44.01%)
[sweep] K=0.7500 3000 frames: ink mass 56225 (base 101978, -44.87%)
[sweep] K=0.7500 4000 frames: ink mass 55779 (base 101978, -45.30%)
[sweep] K=0.7500 5000 frames: ink mass 55585 (base 101978, -45.49%)
[sweep] K=0.7500 6000 frames: ink mass 55507 (base 101978, -45.57%)
[sweep] | 0.7500 | 42% | 7.60e-05 | x6.60 | 1.15e-05 | x1.00 | 109% | x1.6 | RED | green |
[sweep] K=0.7500 growth=+0.00% flushed=0.423 rate=7.60e-05 rate_postflush=1.15e-05 control=1.15e-05 ratio=6.60 ratio_postflush=1.00 kept=1.086 boundary=1.6 moved=262016 c=green d=RED d_postflush=green
[sweep] K=0.9716 1000 frames: ink mass 56894 (base 101978, -44.21%)
[sweep] K=0.9716 2000 frames: ink mass 54404 (base 101978, -46.65%)
[sweep] K=0.9716 3000 frames: ink mass 53231 (base 101978, -47.80%)
[sweep] K=0.9716 4000 frames: ink mass 52614 (base 101978, -48.41%)
[sweep] K=0.9716 5000 frames: ink mass 52231 (base 101978, -48.78%)
[sweep] K=0.9716 6000 frames: ink mass 51991 (base 101978, -49.02%)
[sweep] | 0.9716 | 44% | 8.17e-05 | x7.10 | 1.72e-05 | x1.50 | 102% | x1.8 | RED | green |
[sweep] K=0.9716 growth=+0.00% flushed=0.442 rate=8.17e-05 rate_postflush=1.72e-05 control=1.15e-05 ratio=7.10 ratio_postflush=1.50 kept=1.024 boundary=1.8 moved=262025 c=green d=RED d_postflush=green
[sweep] K=1.2500 1000 frames: ink mass 48626 (base 101978, -52.32%)
[sweep] K=1.2500 2000 frames: ink mass 45528 (base 101978, -55.36%)
[sweep] K=1.2500 3000 frames: ink mass 44432 (base 101978, -56.43%)
[sweep] K=1.2500 4000 frames: ink mass 43951 (base 101978, -56.90%)
[sweep] K=1.2500 5000 frames: ink mass 43741 (base 101978, -57.11%)
[sweep] K=1.2500 6000 frames: ink mass 43654 (base 101978, -57.19%)
[sweep] | 1.2500 | 52% | 9.53e-05 | x8.29 | 2.04e-05 | x1.78 | 87% | x1.6 | RED | green |
[sweep] K=1.2500 growth=+0.00% flushed=0.523 rate=9.53e-05 rate_postflush=2.04e-05 control=1.15e-05 ratio=8.29 ratio_postflush=1.78 kept=0.872 boundary=1.6 moved=262000 c=green d=RED d_postflush=green
[sweep] K=1.5000 1000 frames: ink mass 43837 (base 101978, -57.01%)
[sweep] K=1.5000 2000 frames: ink mass 41375 (base 101978, -59.43%)
[sweep] K=1.5000 3000 frames: ink mass 39646 (base 101978, -61.12%)
[sweep] K=1.5000 4000 frames: ink mass 38318 (base 101978, -62.42%)
[sweep] K=1.5000 5000 frames: ink mass 37271 (base 101978, -63.45%)
[sweep] K=1.5000 6000 frames: ink mass 36340 (base 101978, -64.36%)
[sweep] | 1.5000 | 57% | 1.07e-04 | x9.33 | 3.42e-05 | x2.97 | 56% | x1.3 | RED | RED |
[sweep] K=1.5000 growth=+0.00% flushed=0.570 rate=1.07e-04 rate_postflush=3.42e-05 control=1.15e-05 ratio=9.33 ratio_postflush=2.97 kept=0.556 boundary=1.3 moved=261977 c=green d=RED d_postflush=RED
[sweep] K=2.0000 1000 frames: ink mass 31733 (base 101978, -68.88%)
[sweep] K=2.0000 2000 frames: ink mass 29713 (base 101978, -70.86%)
[sweep] K=2.0000 3000 frames: ink mass 28540 (base 101978, -72.01%)
[sweep] K=2.0000 4000 frames: ink mass 27777 (base 101978, -72.76%)
[sweep] K=2.0000 5000 frames: ink mass 27008 (base 101978, -73.52%)
[sweep] K=2.0000 6000 frames: ink mass 26370 (base 101978, -74.14%)
[sweep] | 2.0000 | 69% | 1.24e-04 | x10.74 | 3.38e-05 | x2.94 | 29% | x0.7 | RED | RED |
[sweep] K=2.0000 growth=+0.00% flushed=0.689 rate=1.24e-04 rate_postflush=3.38e-05 control=1.15e-05 ratio=10.74 ratio_postflush=2.94 kept=0.292 boundary=0.7 moved=261971 c=green d=RED d_postflush=RED
[t19] 0/0 checks passed
