2026-08-31 22:50:46.460 midi-sink[64364:3783684] Metal API Validation Enabled
[sumi INFO] renderer: sim targets 2560x1440 (output 2560x1440, sim_scale 1.000)
[sumi INFO] sumi_create: instance ready (Metal)
[sumi INFO] renderer: draining 1 deform passes
[sumi INFO] renderer: draining 1 deform passes
[sumi INFO] renderer: draining 1 deform passes
[sumi INFO] renderer: draining 1 deform passes
[sumi INFO] renderer: draining 1 deform passes
[sumi INFO] renderer: draining 1 deform passes
[sumi INFO] renderer: draining 1 deform passes
[sumi INFO] renderer: draining 1 deform passes
[sumi INFO] renderer: draining 1 deform passes
[sumi INFO] renderer: draining 1 deform passes
[sumi INFO] renderer: draining 1 deform passes
sumi_version: 0.1.0
demo: rings placed
[sumi INFO] renderer: draining 1 deform passes
[sumi INFO] renderer: draining 1 deform passes
[sumi INFO] renderer: draining 1 deform passes
[sumi INFO] renderer: draining 1 deform passes
[sumi INFO] renderer: draining 1 deform passes
[sumi INFO] renderer: draining 1 deform passes
[sumi INFO] renderer: draining 1 deform passes
[sumi INFO] renderer: draining 1 deform passes
[sumi INFO] renderer: draining 1 deform passes
[sumi INFO] renderer: draining 1 deform passes
[sumi INFO] renderer: draining 1 deform passes
[sumi INFO] renderer: draining 1 deform passes
[sumi INFO] renderer: draining 1 deform passes
[sumi INFO] renderer: draining 1 deform passes
[sumi INFO] renderer: draining 1 deform passes
[sumi INFO] renderer: draining 1 deform passes
[sumi INFO] renderer: draining 1 deform passes
[sumi INFO] renderer: draining 1 deform passes
[sumi INFO] renderer: draining 1 deform passes
[sumi INFO] renderer: draining 1 deform passes
[sumi INFO] renderer: draining 1 deform passes
[sumi INFO] renderer: draining 1 deform passes
[sumi INFO] renderer: draining 1 deform passes
[sumi INFO] renderer: draining 1 deform passes
[sumi INFO] renderer: draining 1 deform passes
[sumi INFO] renderer: draining 1 deform passes
[sumi INFO] renderer: draining 1 deform passes
[sumi INFO] renderer: draining 1 deform passes
[sumi INFO] renderer: draining 1 deform passes
[sumi INFO] renderer: draining 1 deform passes
[sumi INFO] renderer: draining 1 deform passes
[sumi INFO] renderer: draining 1 deform passes
[sumi INFO] renderer: draining 1 deform passes
[sumi INFO] renderer: draining 1 deform passes
[sumi INFO] renderer: draining 1 deform passes
[sumi INFO] renderer: draining 1 deform passes
[sumi INFO] renderer: draining 1 deform passes
[sumi INFO] renderer: draining 1 deform passes
[sumi INFO] renderer: draining 1 deform passes
[sumi INFO] renderer: draining 1 deform passes
demo: chevron done
[sumi INFO] renderer: draining 1 deform passes
[sumi INFO] sumi_destroy: instance destroyed
frames: 498 in 5.02s (avg 99.2 fps), frame time min/max 0.37/41.17 ms
