2026-08-31 22:51:38.919 midi-sink[64848:3785433] Metal API Validation Enabled
[sumi INFO] renderer: sim targets 2560x1440 (output 2560x1440, sim_scale 1.000)
[sumi INFO] sumi_create: instance ready (Metal)
[sumi INFO] renderer: draining 1 deform passes
[sumi INFO] renderer: draining 1 deform passes
[sumi INFO] renderer: draining 1 deform passes
[sumi INFO] renderer: draining 1 deform passes
[sumi INFO] renderer: draining 1 deform passes
[sumi INFO] renderer: draining 1 deform passes
[sumi INFO] renderer: draining 1 deform passes
[sumi INFO] renderer: draining 1 deform passes
[sumi INFO] renderer: draining 1 deform passes
[sumi INFO] renderer: draining 1 deform passes
[sumi INFO] renderer: draining 1 deform passes
sumi_version: 0.1.0
demo: rings placed
[sumi INFO] renderer: draining 1 deform passes
[sumi INFO] renderer: draining 1 deform passes
[sumi INFO] renderer: draining 1 deform passes
[sumi INFO] renderer: draining 1 deform passes
[sumi INFO] renderer: draining 1 deform passes
[sumi INFO] renderer: draining 1 deform passes
[sumi INFO] renderer: draining 1 deform passes
[sumi INFO] renderer: draining 1 deform passes
[sumi INFO] renderer: draining 1 deform passes
[sumi INFO] renderer: draining 1 deform passes
[sumi INFO] renderer: draining 1 deform passes
[sumi INFO] renderer: draining 1 deform passes
[sumi INFO] renderer: draining 1 deform passes
[sumi INFO] renderer: draining 1 deform passes
[sumi INFO] renderer: draining 1 deform passes
[sumi INFO] renderer: draining 1 deform passes
[sumi INFO] renderer: draining 1 deform passes
[sumi INFO] renderer: draining 1 deform passes
[sumi INFO] renderer: draining 1 deform passes
[sumi INFO] renderer: draining 1 deform passes
[sumi INFO] renderer: draining 1 deform passes
[sumi INFO] renderer: draining 1 deform passes
[sumi INFO] renderer: draining 1 deform passes
[sumi INFO] renderer: draining 1 deform passes
[sumi INFO] renderer: draining 1 deform passes
[sumi INFO] renderer: draining 1 deform passes
[sumi INFO] renderer: draining 1 deform passes
[sumi INFO] renderer: draining 1 deform passes
[sumi INFO] renderer: draining 1 deform passes
[sumi INFO] renderer: draining 1 deform passes
demo: vortex done
[sumi INFO] renderer: draining 1 deform passes
[sumi INFO] sumi_destroy: instance destroyed
frames: 495 in 5.02s (avg 98.7 fps), frame time min/max 1.24/45.22 ms
