== 2026-09-21T20:12:40Z midi-sink --dev --soak-negative
[sumi INFO] renderer: sim targets 2560x1440 (output 2560x1440, sim_scale 1.000)
[sumi INFO] sumi_create: instance ready
[sumi INFO] renderer: sim targets 512x512 (output 512x512, sim_scale 1.000)
[sumi INFO] normalizer: input mode -> MPE
[sumi INFO] normalizer: MCM lower zone, 15 member channels
[sumi INFO] renderer: paper-dip print ready
[sumi INFO] normalizer: MCM lower zone, 15 member channels
[sumi INFO] renderer: paper-dip print ready
[sumi INFO] normalizer: MCM lower zone, 15 member channels
[sumi INFO] renderer: paper-dip print ready
[sumi INFO] normalizer: MCM lower zone, 15 member channels
[sumi INFO] renderer: paper-dip print ready
[sumi INFO] sumi_destroy: instance destroyed
midi-sink 1.0.0-dirty (commit 7cef150, libsumi 0.10.0)  [--dev lab bench]
[soak] negative controls: each part driven to FAIL
ok:   [soak] negative-inversion RED as required: offset (+k,-k) centres leave the pre-image 203.82 texel away (> 8.0; mass -99.65%)
ok:   [soak] negative-fabrication RED as required: edge-clamp tines grew ink mass +13.99% over 300 passes (> 0.5%; 4.7e-04/pass > 5e-05)
[soak] negative-erosion 2000 frames: ink mass 27238 (-73.29%)
[soak] negative-erosion 4000 frames: ink mass 17292 (-83.04%)
[soak] negative-erosion 6000 frames: ink mass 13017 (-87.24%)
ok:   [soak] negative-erosion RED as required: a 15-sub-step-per-frame wake stream erodes 1.45e-04/pass vs glide-tine 1.15e-05/pass (x12.6 > 2)
[t19] 3/3 checks passed
