== 2026-09-21T20:10:31Z midi-sink --dev --soak torsion --soak-passes 6000 (Metal)
[sumi INFO] renderer: sim targets 2560x1440 (output 2560x1440, sim_scale 1.000)
[sumi INFO] sumi_create: instance ready
[sumi INFO] renderer: sim targets 512x512 (output 512x512, sim_scale 1.000)
[sumi INFO] normalizer: input mode -> MPE
[sumi INFO] normalizer: MCM lower zone, 15 member channels
[sumi INFO] renderer: paper-dip print ready
[sumi INFO] normalizer: MCM lower zone, 15 member channels
[sumi INFO] renderer: paper-dip print ready
[sumi INFO] sumi_destroy: instance destroyed
midi-sink 1.0.0-dirty (commit 7cef150, libsumi 0.10.0)  [--dev lab bench]
[soak] torsion: 500 pairs + 6000-pass stream + 6000-pass glide-tine control
[soak] torsion (a) class exact: wave torsion: rotation by theta(r) = A sin(k r - phi) e^(-r/R): r preserved -> det J = 1 at any A (MEDIUM 2.1)
[soak] torsion pairs 100: ink mass 85227 (base 85553, -0.38%)
[soak] torsion pairs 200: ink mass 85034 (base 85553, -0.61%)
[soak] torsion pairs 300: ink mass 85016 (base 85553, -0.63%)
[soak] torsion pairs 400: ink mass 85061 (base 85553, -0.57%)
[soak] torsion pairs 500: ink mass 85207 (base 85553, -0.40%)
[soak] torsion pairs delta: edge band +0, interior -346 | inked region -6370, water +6024 (base 85553)
ok:   [soak] torsion (b) inversion: 500 (+k,-k) pairs hold ink mass -0.63%/+0.00% (|<= 5%|), pre-image dev 5.45 texel (<= 8.0)
[soak] torsion stream 1000 passes: ink mass 101571 (base 101635, -0.06%)
[soak] torsion stream 2000 passes: ink mass 102115 (base 101635, +0.47%)
[soak] torsion stream 3000 passes: ink mass 102695 (base 101635, +1.04%)
[soak] torsion stream 4000 passes: ink mass 103204 (base 101635, +1.54%)
[soak] torsion stream 5000 passes: ink mass 103604 (base 101635, +1.94%)
[soak] torsion stream 6000 passes: ink mass 103927 (base 101635, +2.26%)
ok:   [soak] torsion (c) fabrication: mass grew at most +2.26% over 6000 passes (3.8e-06/pass; <= 0.5% or <= 5e-05/pass), edge band +0 / interior +2293; the route moved 261219 texels (alive)
ok:   [soak] torsion (d) erosion: -3.76e-06/pass vs glide-tine control 1.15e-05/pass (x-0.33 <= 2)
[soak] torsion SUMMARY class=exact pairs_mass_lo=-0.63% pairs_mass_hi=+0.00% preimage_dev=5.45 growth=+2.26% rate=-3.76e-06 control=1.15e-05 ratio=-0.33 passes=6000
[t19] 3/3 checks passed
