2026-09-01 20:38:49.136 midi-sink[28166:5186633] Metal API Validation Enabled
[sumi INFO] renderer: sim targets 2560x1440 (output 2560x1440, sim_scale 1.000)
[sumi INFO] sumi_create: instance ready (Metal)
[midi] input opened: ROLI Piano
[midi] input opened: Sortie virtuelle GarageBand
[midi] input opened: osmose-stress-source
[sumi INFO] normalizer: input mode -> MPE
[sumi INFO] normalizer: MCM lower zone, 15 member channels
[sumi INFO] renderer: paper-dip print ready
[sumi INFO] renderer: paper-dip print ready
[sumi WARN] sumi_trigger_paper_dip: refused (both print buffers busy)
sumi_version: 0.1.0
[burst] dip 1 at t=6.00s
[burst] dip 2 at t=6.20s
[burst] dip 3 at t=6.25s (expect refusal)
[print] saved 2560x1440 -> burst_print_oldest.png
[print] saved 2560x1440 -> burst_print_newest.png
[sumi INFO] sumi_destroy: instance destroyed
frames: 1186 in 12.01s (avg 98.7 fps), frame time min/max 0.41/36.24 ms
dropped MIDI messages: 0
