[  1%] Generating xdg-shell-client-protocol.h
[  2%] Generating fractional-scale-v1-client-protocol.h
[  3%] Generating fractional-scale-v1-client-protocol-code.h
[  4%] Generating pointer-constraints-unstable-v1-client-protocol-code.h
[  5%] Generating pointer-constraints-unstable-v1-client-protocol.h
[  6%] Generating idle-inhibit-unstable-v1-client-protocol-code.h
[  9%] Generating relative-pointer-unstable-v1-client-protocol.h
[  9%] Generating idle-inhibit-unstable-v1-client-protocol.h
[ 10%] Generating relative-pointer-unstable-v1-client-protocol-code.h
[ 11%] Generating viewporter-client-protocol-code.h
[ 12%] Generating wayland-client-protocol-code.h
[ 13%] Generating viewporter-client-protocol.h
[ 14%] Building CXX object _deps/glm-build/glm/CMakeFiles/glm.dir/detail/glm.cpp.o
[ 16%] Generating xdg-activation-v1-client-protocol.h
[ 17%] Generating xdg-decoration-unstable-v1-client-protocol-code.h
[ 18%] Building C object tests/CMakeFiles/field_dump_compare.dir/field_dump_compare.c.o
[ 19%] Generating wayland-client-protocol.h
[ 20%] Generating xdg-activation-v1-client-protocol-code.h
[ 21%] Building CXX object tests/CMakeFiles/wind_breath_alsa.dir/wind_breath_alsa.cpp.o
[ 22%] Building CXX object tests/CMakeFiles/normalizer_tests.dir/normalizer_tests.cpp.o
[ 24%] Building CXX object tests/CMakeFiles/mpe_stress_alsa.dir/mpe_stress_alsa.cpp.o
[ 25%] Building CXX object tests/CMakeFiles/normalizer_tests.dir/__/core/src/midi_normalizer.cpp.o
[ 26%] Building CXX object tests/CMakeFiles/normalizer_tests.dir/__/core/src/voice_mapper.cpp.o
[ 27%] Building CXX object tests/CMakeFiles/normalizer_tests.dir/__/core/src/layouts.cpp.o
[ 28%] Generating xdg-decoration-unstable-v1-client-protocol.h
[ 29%] Building CXX object tests/CMakeFiles/normalizer_tests.dir/__/core/src/displacement.cpp.o
[ 31%] Generating xdg-shell-client-protocol-code.h
[ 32%] Building CXX object _deps/libremidi-build/CMakeFiles/libremidi.dir/include/libremidi/midi_in.cpp.o
[ 33%] Building CXX object _deps/libremidi-build/CMakeFiles/libremidi.dir/include/libremidi/libremidi.cpp.o
[ 34%] Building CXX object _deps/libremidi-build/CMakeFiles/libremidi.dir/include/libremidi/observer.cpp.o
[ 35%] Building CXX object _deps/libremidi-build/CMakeFiles/libremidi.dir/include/libremidi/midi_out.cpp.o
[ 36%] Building CXX object _deps/libremidi-build/CMakeFiles/libremidi.dir/include/libremidi/backends/emscripten/midi_in.cpp.o
[ 37%] Building CXX object _deps/libremidi-build/CMakeFiles/libremidi.dir/include/libremidi/writer.cpp.o
[ 39%] Building CXX object _deps/libremidi-build/CMakeFiles/libremidi.dir/include/libremidi/backends/emscripten/midi_access.cpp.o
[ 40%] Building CXX object _deps/libremidi-build/CMakeFiles/libremidi.dir/include/libremidi/libremidi-c.cpp.o
[ 41%] Building CXX object _deps/libremidi-build/CMakeFiles/libremidi.dir/include/libremidi/backends/emscripten/midi_out.cpp.o
[ 42%] Building CXX object _deps/libremidi-build/CMakeFiles/libremidi.dir/include/libremidi/backends/emscripten/observer.cpp.o
[ 43%] Building CXX object _deps/libremidi-build/CMakeFiles/libremidi.dir/include/libremidi/reader.cpp.o
[ 48%] Building C object _deps/glfw-build/src/CMakeFiles/glfw.dir/input.c.o
[ 48%] Building C object _deps/glfw-build/src/CMakeFiles/glfw.dir/platform.c.o
[ 48%] Building C object _deps/glfw-build/src/CMakeFiles/glfw.dir/context.c.o
[ 49%] Building C object _deps/glfw-build/src/CMakeFiles/glfw.dir/monitor.c.o
[ 49%] Building C object _deps/glfw-build/src/CMakeFiles/glfw.dir/init.c.o
[ 50%] Building C object _deps/glfw-build/src/CMakeFiles/glfw.dir/vulkan.c.o
[ 51%] Building C object _deps/glfw-build/src/CMakeFiles/glfw.dir/window.c.o
[ 52%] Building C object _deps/glfw-build/src/CMakeFiles/glfw.dir/egl_context.c.o
[ 54%] Building C object _deps/glfw-build/src/CMakeFiles/glfw.dir/osmesa_context.c.o
[ 55%] Linking C executable field_dump_compare
[ 56%] Building C object _deps/glfw-build/src/CMakeFiles/glfw.dir/null_init.c.o
[ 57%] Building C object _deps/glfw-build/src/CMakeFiles/glfw.dir/null_monitor.c.o
[ 57%] Built target field_dump_compare
[ 58%] Building C object _deps/glfw-build/src/CMakeFiles/glfw.dir/null_window.c.o
[ 59%] Building C object _deps/glfw-build/src/CMakeFiles/glfw.dir/null_joystick.c.o
[ 60%] Building C object _deps/glfw-build/src/CMakeFiles/glfw.dir/posix_module.c.o
[ 62%] Building C object _deps/glfw-build/src/CMakeFiles/glfw.dir/posix_time.c.o
[ 63%] Building C object _deps/glfw-build/src/CMakeFiles/glfw.dir/posix_thread.c.o
[ 64%] Building C object _deps/glfw-build/src/CMakeFiles/glfw.dir/x11_init.c.o
[ 65%] Building C object _deps/glfw-build/src/CMakeFiles/glfw.dir/x11_monitor.c.o
[ 67%] Building C object _deps/glfw-build/src/CMakeFiles/glfw.dir/xkb_unicode.c.o
[ 67%] Building C object _deps/glfw-build/src/CMakeFiles/glfw.dir/x11_window.c.o
[ 68%] Building C object _deps/glfw-build/src/CMakeFiles/glfw.dir/glx_context.c.o
[ 70%] Building C object _deps/glfw-build/src/CMakeFiles/glfw.dir/wl_init.c.o
[ 71%] Building C object _deps/glfw-build/src/CMakeFiles/glfw.dir/wl_monitor.c.o
[ 72%] Building C object _deps/glfw-build/src/CMakeFiles/glfw.dir/wl_window.c.o
[ 73%] Building C object _deps/glfw-build/src/CMakeFiles/glfw.dir/linux_joystick.c.o
[ 74%] Building C object _deps/glfw-build/src/CMakeFiles/glfw.dir/posix_poll.c.o
[ 75%] Linking CXX executable normalizer_tests
[ 75%] Built target normalizer_tests
[ 77%] Linking C static library libglfw3.a
[ 77%] Built target glfw
[ 79%] Linking CXX executable wind_breath_alsa
[ 79%] Linking CXX executable mpe_stress_alsa
[ 79%] Built target mpe_stress_alsa
[ 79%] Built target wind_breath_alsa
[ 80%] Linking CXX static library libglm.a
[ 80%] Built target glm
[ 82%] sokol-shdc: deform.glsl -> deform.glsl.h [metal_macos:hlsl5:glsl410:glsl300es]
[ 82%] sokol-shdc: composite.glsl -> composite.glsl.h [metal_macos:hlsl5:glsl410:glsl300es]
[ 86%] Building CXX object core/CMakeFiles/sumi_objs.dir/src/displacement.cpp.o
[ 86%] Building CXX object core/CMakeFiles/sumi_objs.dir/src/renderer.cpp.o
[ 86%] Building CXX object core/CMakeFiles/sumi_objs.dir/src/engine.cpp.o
[ 87%] Building CXX object core/CMakeFiles/sumi_objs.dir/src/midi_normalizer.cpp.o
[ 88%] Building CXX object core/CMakeFiles/sumi_objs.dir/src/voice_mapper.cpp.o
[ 89%] Building CXX object core/CMakeFiles/sumi_objs.dir/src/layouts.cpp.o
[ 90%] Building CXX object core/CMakeFiles/sumi_objs.dir/src/swapchain_gl.cpp.o
[ 90%] Built target sumi_objs
[ 93%] Linking CXX shared library libsumi.so
[ 93%] Linking CXX static library libsumi.a
[ 93%] Built target sumi_static
[ 93%] Built target sumi_shared
[ 94%] Building C object tests/CMakeFiles/abi_c_compile.dir/abi_c_compile.c.o
[ 95%] Linking C executable abi_c_compile
[ 96%] Linking CXX static library liblibremidi.a
[ 96%] Built target abi_c_compile
[ 96%] Built target libremidi
[ 97%] Building CXX object desktop/CMakeFiles/midi-sink.dir/src/main.cpp.o
[ 98%] Building CXX object desktop/CMakeFiles/midi-sink.dir/src/midi_harness.cpp.o
[100%] Linking CXX executable midi-sink
[100%] Built target midi-sink
