== 2026-09-21T19:23:21Z midi-sink --dev --soak all --soak-passes 6000 (Metal, the author's Mac)
[sumi INFO] renderer: sim targets 2560x1440 (output 2560x1440, sim_scale 1.000)
[sumi INFO] sumi_create: instance ready
[sumi INFO] renderer: sim targets 512x512 (output 512x512, sim_scale 1.000)
[sumi INFO] normalizer: input mode -> MPE
[sumi INFO] normalizer: MCM lower zone, 15 member channels
[sumi INFO] renderer: paper-dip print ready
[sumi INFO] normalizer: MCM lower zone, 15 member channels
[sumi INFO] renderer: paper-dip print ready
[sumi INFO] normalizer: MCM lower zone, 15 member channels
[sumi INFO] renderer: paper-dip print ready
[sumi INFO] normalizer: MCM lower zone, 15 member channels
[sumi INFO] renderer: paper-dip print ready
[sumi INFO] normalizer: MCM lower zone, 15 member channels
[sumi INFO] renderer: paper-dip print ready
[sumi INFO] normalizer: MCM lower zone, 15 member channels
[sumi INFO] renderer: paper-dip print ready
[sumi INFO] renderer: paper-dip print ready
[sumi INFO] normalizer: MCM lower zone, 15 member channels
[sumi INFO] renderer: paper-dip print ready
[sumi INFO] normalizer: MCM lower zone, 15 member channels
[sumi INFO] renderer: paper-dip print ready
[sumi INFO] renderer: paper-dip print ready
[sumi INFO] normalizer: MCM lower zone, 15 member channels
[sumi INFO] renderer: paper-dip print ready
[sumi INFO] normalizer: MCM lower zone, 15 member channels
[sumi INFO] renderer: paper-dip print ready
[sumi INFO] normalizer: MCM lower zone, 15 member channels
[sumi INFO] renderer: paper-dip print ready
[sumi INFO] normalizer: MCM lower zone, 15 member channels
[sumi INFO] renderer: paper-dip print ready
[sumi INFO] normalizer: MCM lower zone, 15 member channels
[sumi INFO] renderer: paper-dip print ready
[sumi INFO] normalizer: MCM lower zone, 15 member channels
[sumi INFO] renderer: paper-dip print ready
[sumi INFO] normalizer: MCM lower zone, 15 member channels
[sumi INFO] renderer: paper-dip print ready
[sumi INFO] normalizer: MCM lower zone, 15 member channels
[sumi INFO] renderer: paper-dip print ready
[sumi INFO] normalizer: MCM lower zone, 15 member channels
[sumi INFO] renderer: paper-dip print ready
[sumi INFO] normalizer: MCM lower zone, 15 member channels
[sumi INFO] renderer: paper-dip print ready
[sumi INFO] sumi_destroy: instance destroyed
midi-sink 1.0.0-dirty (commit 7cef150, libsumi 0.9.0)  [--dev lab bench]
[soak] tine: 500 pairs + 6000-pass stream + 6000-pass glide-tine control
[soak] tine (a) class exact: shear along the line, p' = p + z*w(d)*u with d the perpendicular distance (unchanged by the shear) -> det J = 1 (Jaffer)
[soak] tine pairs 100: ink mass 85491 (base 85553, -0.07%)
[soak] tine pairs 200: ink mass 85509 (base 85553, -0.05%)
[soak] tine pairs 300: ink mass 85732 (base 85553, +0.21%)
[soak] tine pairs 400: ink mass 85906 (base 85553, +0.41%)
[soak] tine pairs 500: ink mass 86203 (base 85553, +0.76%)
[soak] tine pairs delta: edge band +0, interior +650 | inked region -6896, water +7547 (base 85553)
ok:   [soak] tine (b) inversion: 500 (+k,-k) pairs hold ink mass -0.07%/+0.76% (|<= 5%|), pre-image dev 1.60 texel (<= 4.0)
[soak] tine stream 1000 passes: ink mass 101403 (base 102631, -1.20%)
[soak] tine stream 2000 passes: ink mass 99643 (base 102631, -2.91%)
[soak] tine stream 3000 passes: ink mass 98157 (base 102631, -4.36%)
[soak] tine stream 4000 passes: ink mass 96727 (base 102631, -5.75%)
[soak] tine stream 5000 passes: ink mass 95571 (base 102631, -6.88%)
[soak] tine stream 6000 passes: ink mass 94553 (base 102631, -7.87%)
ok:   [soak] tine (c) fabrication: mass never grew past +0.00% over 6000 passes (<= 0.5%); the route moved 240966 texels (alive)
ok:   [soak] tine (d) erosion: 1.31e-05/pass vs glide-tine control 1.15e-05/pass (x1.14 <= 2)
[soak] tine SUMMARY class=exact pairs_mass_lo=-0.07% pairs_mass_hi=+0.76% preimage_dev=1.60 growth=+0.00% rate=1.31e-05 control=1.15e-05 ratio=1.14 passes=6000
[soak] pinch-saddle: 500 pairs + 6000-pass stream + 6000-pass glide-tine control
[soak] pinch-saddle (a) class exact: Hamiltonian saddle, the flow of H = xy: s = xy conserved along trajectories -> det J = 1 (DECISIONS_3 #32)
[soak] pinch-saddle pairs 100: ink mass 85314 (base 85553, -0.28%)
[soak] pinch-saddle pairs 200: ink mass 85181 (base 85553, -0.43%)
[soak] pinch-saddle pairs 300: ink mass 85316 (base 85553, -0.28%)
[soak] pinch-saddle pairs 400: ink mass 85433 (base 85553, -0.14%)
[soak] pinch-saddle pairs 500: ink mass 85679 (base 85553, +0.15%)
[soak] pinch-saddle pairs delta: edge band +0, interior +126 | inked region -6821, water +6947 (base 85553)
ok:   [soak] pinch-saddle (b) inversion: 500 (+k,-k) pairs hold ink mass -0.43%/+0.15% (|<= 5%|), pre-image dev 2.31 texel (<= 4.0)
[soak] pinch-saddle stream 1000 passes: ink mass 101111 (base 102108, -0.98%)
[soak] pinch-saddle stream 2000 passes: ink mass 99115 (base 102108, -2.93%)
[soak] pinch-saddle stream 3000 passes: ink mass 97072 (base 102108, -4.93%)
[soak] pinch-saddle stream 4000 passes: ink mass 95078 (base 102108, -6.88%)
[soak] pinch-saddle stream 5000 passes: ink mass 93183 (base 102108, -8.74%)
[soak] pinch-saddle stream 6000 passes: ink mass 91303 (base 102108, -10.58%)
ok:   [soak] pinch-saddle (c) fabrication: mass never grew past +0.00% over 6000 passes (<= 0.5%); the route moved 160000 texels (alive)
ok:   [soak] pinch-saddle (d) erosion: 1.77e-05/pass vs glide-tine control 1.15e-05/pass (x1.53 <= 2)
[soak] pinch-saddle SUMMARY class=exact pairs_mass_lo=-0.43% pairs_mass_hi=+0.15% preimage_dev=2.31 growth=+0.00% rate=1.77e-05 control=1.15e-05 ratio=1.53 passes=6000
[soak] pinch-cross: 500 pairs + 6000-pass stream + 6000-pass glide-tine control
[soak] pinch-cross (a) class exact: two crossed tines composed, each a shear with det J = 1
[soak] pinch-cross pairs 100: ink mass 86353 (base 85553, +0.94%)
[soak] pinch-cross pairs 200: ink mass 93441 (base 85553, +9.22%)
[soak] pinch-cross pairs 300: ink mass 100130 (base 85553, +17.04%)
[soak] pinch-cross pairs 400: ink mass 103778 (base 85553, +21.30%)
[soak] pinch-cross pairs 500: ink mass 107156 (base 85553, +25.25%)
[soak] pinch-cross pairs delta: edge band +5604, interior +15999 | inked region -35997, water +57600 (base 85553)
FAIL: [soak] pinch-cross (b) inversion: 500 (+k,-k) pairs hold ink mass +0.00%/+25.25% (|<= 5%|), pre-image dev 92.08 texel (<= 4.0)
[soak] pinch-cross stream 1000 passes: ink mass 122125 (base 122517, -0.32%)
[soak] pinch-cross stream 2000 passes: ink mass 121714 (base 122517, -0.66%)
[soak] pinch-cross stream 3000 passes: ink mass 121814 (base 122517, -0.57%)
[soak] pinch-cross stream 4000 passes: ink mass 122120 (base 122517, -0.32%)
[soak] pinch-cross stream 5000 passes: ink mass 122232 (base 122517, -0.23%)
[soak] pinch-cross stream 6000 passes: ink mass 121858 (base 122517, -0.54%)
ok:   [soak] pinch-cross (c) fabrication: mass never grew past +0.00% over 6000 passes (<= 0.5%); the route moved 258125 texels (alive)
ok:   [soak] pinch-cross (d) erosion: 9.38e-07/pass vs glide-tine control 1.15e-05/pass (x0.08 <= 2)
[soak] pinch-cross SUMMARY class=exact pairs_mass_lo=+0.00% pairs_mass_hi=+25.25% preimage_dev=92.08 growth=+0.00% rate=9.38e-07 control=1.15e-05 ratio=0.08 passes=6000
[soak] wake-doublet: 500 pairs + 6000-pass stream + 6000-pass glide-tine control
[soak] wake-doublet (a) class sub-stepped: potential doublet: div d = 0 as a field, applied in <= a/4 steps -> area-preserving to first order (DECISIONS_3 #32)
[soak] wake-doublet pairs 100: ink mass 84918 (base 85553, -0.74%)
[soak] wake-doublet pairs 200: ink mass 83994 (base 85553, -1.82%)
[soak] wake-doublet pairs 300: ink mass 83101 (base 85553, -2.87%)
[soak] wake-doublet pairs 400: ink mass 82285 (base 85553, -3.82%)
[soak] wake-doublet pairs 500: ink mass 81522 (base 85553, -4.71%)
[soak] wake-doublet pairs delta: edge band +0, interior -4031 | inked region -9167, water +5136 (base 85553)
[soak] wake-doublet (b) pairs (informational for this class): mass -4.71%/+0.00%, pre-image dev 2.20 texel after 500 one-sub-step pairs
ok:   [soak] wake-doublet (b) first-order area preservation: one a/4 sub-step, pre-image det min 0.734 (> 0.5) outside the swept capsule, mean 0.99972 (|1 - mean| < 2e-3)
[soak] wake-doublet stream 1000 passes: ink mass 101085 (base 101978, -0.88%)
[soak] wake-doublet stream 2000 passes: ink mass 100229 (base 101978, -1.72%)
[soak] wake-doublet stream 3000 passes: ink mass 99509 (base 101978, -2.42%)
[soak] wake-doublet stream 4000 passes: ink mass 98950 (base 101978, -2.97%)
[soak] wake-doublet stream 5000 passes: ink mass 98434 (base 101978, -3.48%)
[soak] wake-doublet stream 6000 passes: ink mass 97890 (base 101978, -4.01%)
ok:   [soak] wake-doublet (c) fabrication: mass never grew past +0.00% over 6000 passes (<= 0.5%); the route moved 22721 texels (alive)
ok:   [soak] wake-doublet (d) erosion: 6.68e-06/pass vs glide-tine control 1.15e-05/pass (x0.58 <= 2)
[soak] wake-doublet SUMMARY class=sub-stepped pairs_mass_lo=-4.71% pairs_mass_hi=+0.00% preimage_dev=2.20 det_min=0.734375 det_mean=0.999721 growth=+0.00% rate=6.68e-06 control=1.15e-05 ratio=0.58 passes=6000
[soak] wake-stokeslet: 500 pairs + 6000-pass stream + 6000-pass glide-tine control
[soak] wake-stokeslet (a) class sub-stepped: 2-D unsteady Stokeslet: div d = 0 as a field, applied in <= a/4 steps (DECISIONS_4 #53)
[soak] wake-stokeslet pairs 100: ink mass 86390 (base 85553, +0.98%)
[soak] wake-stokeslet pairs 200: ink mass 86328 (base 85553, +0.91%)
[soak] wake-stokeslet pairs 300: ink mass 85558 (base 85553, +0.01%)
[soak] wake-stokeslet pairs 400: ink mass 84337 (base 85553, -1.42%)
[soak] wake-stokeslet pairs 500: ink mass 83013 (base 85553, -2.97%)
[soak] wake-stokeslet pairs delta: edge band +0, interior -2540 | inked region -13474, water +10934 (base 85553)
[soak] wake-stokeslet (b) pairs (informational for this class): mass -2.97%/+0.98%, pre-image dev 3.51 texel after 500 one-sub-step pairs
ok:   [soak] wake-stokeslet (b) first-order area preservation: one a/4 sub-step, pre-image det min 0.766 (> 0.5) outside the swept capsule, mean 1.00004 (|1 - mean| < 2e-3)
[soak] wake-stokeslet stream 1000 passes: ink mass 100760 (base 101978, -1.19%)
[soak] wake-stokeslet stream 2000 passes: ink mass 99621 (base 101978, -2.31%)
[soak] wake-stokeslet stream 3000 passes: ink mass 98848 (base 101978, -3.07%)
[soak] wake-stokeslet stream 4000 passes: ink mass 98206 (base 101978, -3.70%)
[soak] wake-stokeslet stream 5000 passes: ink mass 97472 (base 101978, -4.42%)
[soak] wake-stokeslet stream 6000 passes: ink mass 96604 (base 101978, -5.27%)
ok:   [soak] wake-stokeslet (c) fabrication: mass never grew past +0.00% over 6000 passes (<= 0.5%); the route moved 59611 texels (alive)
ok:   [soak] wake-stokeslet (d) erosion: 8.78e-06/pass vs glide-tine control 1.15e-05/pass (x0.76 <= 2)
[soak] wake-stokeslet SUMMARY class=sub-stepped pairs_mass_lo=-2.97% pairs_mass_hi=+0.98% preimage_dev=3.51 det_min=0.765625 det_mean=1.000039 growth=+0.00% rate=8.78e-06 control=1.15e-05 ratio=0.76 passes=6000
[soak] ripple-bake: 500 pairs + 6000-pass stream + 6000-pass glide-tine control
[soak] ripple-bake (a) class exact: shear x' = x + A*sin(k*y + phi) in the ripple frame: det J = 1 for ANY profile; CC route (fixed phi) - the bend route drifts phi on purpose (#36)
[soak] ripple-bake pairs 100: ink mass 85695 (base 85553, +0.17%)
[soak] ripple-bake pairs 200: ink mass 86110 (base 85553, +0.65%)
[soak] ripple-bake pairs 300: ink mass 86572 (base 85553, +1.19%)
[soak] ripple-bake pairs 400: ink mass 87186 (base 85553, +1.91%)
[soak] ripple-bake pairs 500: ink mass 87852 (base 85553, +2.69%)
[soak] ripple-bake pairs delta: edge band +0, interior +2302 | inked region -2312, water +4614 (base 85553)
ok:   [soak] ripple-bake (b) inversion: 500 (+k,-k) pairs hold ink mass +0.00%/+2.69% (|<= 5%|), pre-image dev 2.63 texel (<= 4.0)
[soak] ripple-bake stream 1000 passes: ink mass 103425 (base 104283, -0.82%)
[soak] ripple-bake stream 2000 passes: ink mass 102325 (base 104283, -1.88%)
[soak] ripple-bake stream 3000 passes: ink mass 101625 (base 104283, -2.55%)
[soak] ripple-bake stream 4000 passes: ink mass 101018 (base 104283, -3.13%)
[soak] ripple-bake stream 5000 passes: ink mass 100705 (base 104283, -3.43%)
[soak] ripple-bake stream 6000 passes: ink mass 100595 (base 104283, -3.54%)
ok:   [soak] ripple-bake (c) fabrication: mass never grew past +0.00% over 6000 passes (<= 0.5%); the route moved 244180 texels (alive)
ok:   [soak] ripple-bake (d) erosion: 5.89e-06/pass vs glide-tine control 1.15e-05/pass (x0.51 <= 2)
[soak] ripple-bake SUMMARY class=exact pairs_mass_lo=+0.00% pairs_mass_hi=+2.69% preimage_dev=2.63 growth=+0.00% rate=5.89e-06 control=1.15e-05 ratio=0.51 passes=6000
[soak] swirl: 500 pairs + 6000-pass stream + 6000-pass glide-tine control
[soak] swirl (a) class exact: rotation by theta(r) = S*(1 - exp(-r^2/rc^2))/(2 pi r^2): r preserved -> det J = 1 (Lamb-Oseen)
[soak] swirl pairs 100: ink mass 85437 (base 85553, -0.14%)
[soak] swirl pairs 200: ink mass 85367 (base 85553, -0.22%)
[soak] swirl pairs 300: ink mass 85472 (base 85553, -0.10%)
[soak] swirl pairs 400: ink mass 85560 (base 85553, +0.01%)
[soak] swirl pairs 500: ink mass 85820 (base 85553, +0.31%)
[soak] swirl pairs delta: edge band +0, interior +267 | inked region -6270, water +6536 (base 85553)
ok:   [soak] swirl (b) inversion: 500 (+k,-k) pairs hold ink mass -0.22%/+0.31% (|<= 5%|), pre-image dev 1.45 texel (<= 4.0)
[soak] swirl stream 1000 passes: ink mass 101067 (base 102247, -1.15%)
[soak] swirl stream 2000 passes: ink mass 99705 (base 102247, -2.49%)
[soak] swirl stream 3000 passes: ink mass 99156 (base 102247, -3.02%)
[soak] swirl stream 4000 passes: ink mass 98093 (base 102247, -4.06%)
[soak] swirl stream 5000 passes: ink mass 97053 (base 102247, -5.08%)
[soak] swirl stream 6000 passes: ink mass 96258 (base 102247, -5.86%)
ok:   [soak] swirl (c) fabrication: mass never grew past +0.00% over 6000 passes (<= 0.5%); the route moved 243940 texels (alive)
ok:   [soak] swirl (d) erosion: 9.77e-06/pass vs glide-tine control 1.15e-05/pass (x0.85 <= 2)
[soak] swirl SUMMARY class=exact pairs_mass_lo=-0.22% pairs_mass_hi=+0.31% preimage_dev=1.45 growth=+0.00% rate=9.77e-06 control=1.15e-05 ratio=0.85 passes=6000
[soak] vortex-exp: 500 pairs + 6000-pass stream + 6000-pass glide-tine control
[soak] vortex-exp (a) class exact: rotation by theta(r) = A*exp(-r/R): r preserved -> det J = 1
[soak] vortex-exp pairs 100: ink mass 85337 (base 85553, -0.25%)
[soak] vortex-exp pairs 200: ink mass 85201 (base 85553, -0.41%)
[soak] vortex-exp pairs 300: ink mass 85297 (base 85553, -0.30%)
[soak] vortex-exp pairs 400: ink mass 85380 (base 85553, -0.20%)
[soak] vortex-exp pairs 500: ink mass 85598 (base 85553, +0.05%)
[soak] vortex-exp pairs delta: edge band +0, interior +45 | inked region -6682, water +6727 (base 85553)
ok:   [soak] vortex-exp (b) inversion: 500 (+k,-k) pairs hold ink mass -0.41%/+0.05% (|<= 5%|), pre-image dev 1.80 texel (<= 4.0)
[soak] vortex-exp stream 1000 passes: ink mass 101580 (base 102026, -0.44%)
[soak] vortex-exp stream 2000 passes: ink mass 101209 (base 102026, -0.80%)
[soak] vortex-exp stream 3000 passes: ink mass 101075 (base 102026, -0.93%)
[soak] vortex-exp stream 4000 passes: ink mass 101261 (base 102026, -0.75%)
[soak] vortex-exp stream 5000 passes: ink mass 101495 (base 102026, -0.52%)
[soak] vortex-exp stream 6000 passes: ink mass 101780 (base 102026, -0.24%)
ok:   [soak] vortex-exp (c) fabrication: mass never grew past +0.00% over 6000 passes (<= 0.5%); the route moved 262045 texels (alive)
ok:   [soak] vortex-exp (d) erosion: 3.97e-07/pass vs glide-tine control 1.15e-05/pass (x0.03 <= 2)
[soak] vortex-exp SUMMARY class=exact pairs_mass_lo=-0.41% pairs_mass_hi=+0.05% preimage_dev=1.80 growth=+0.00% rate=3.97e-07 control=1.15e-05 ratio=0.03 passes=6000
[soak] vortex-rankine: 500 pairs + 6000-pass stream + 6000-pass glide-tine control
[soak] vortex-rankine (a) class exact: rotation by theta(r), rigid core and 1/r^2 outside: r preserved -> det J = 1
[soak] vortex-rankine pairs 100: ink mass 85317 (base 85553, -0.28%)
[soak] vortex-rankine pairs 200: ink mass 85147 (base 85553, -0.47%)
[soak] vortex-rankine pairs 300: ink mass 85206 (base 85553, -0.41%)
[soak] vortex-rankine pairs 400: ink mass 85231 (base 85553, -0.38%)
[soak] vortex-rankine pairs 500: ink mass 85378 (base 85553, -0.20%)
[soak] vortex-rankine pairs delta: edge band +0, interior -175 | inked region -6686, water +6511 (base 85553)
ok:   [soak] vortex-rankine (b) inversion: 500 (+k,-k) pairs hold ink mass -0.47%/+0.00% (|<= 5%|), pre-image dev 2.74 texel (<= 4.0)
[soak] vortex-rankine stream 1000 passes: ink mass 101533 (base 101806, -0.27%)
[soak] vortex-rankine stream 2000 passes: ink mass 101212 (base 101806, -0.58%)
[soak] vortex-rankine stream 3000 passes: ink mass 100841 (base 101806, -0.95%)
[soak] vortex-rankine stream 4000 passes: ink mass 100476 (base 101806, -1.31%)
[soak] vortex-rankine stream 5000 passes: ink mass 100126 (base 101806, -1.65%)
[soak] vortex-rankine stream 6000 passes: ink mass 99885 (base 101806, -1.89%)
ok:   [soak] vortex-rankine (c) fabrication: mass never grew past +0.00% over 6000 passes (<= 0.5%); the route moved 262049 texels (alive)
ok:   [soak] vortex-rankine (d) erosion: 3.16e-06/pass vs glide-tine control 1.15e-05/pass (x0.27 <= 2)
[soak] vortex-rankine SUMMARY class=exact pairs_mass_lo=-0.47% pairs_mass_hi=+0.00% preimage_dev=2.74 growth=+0.00% rate=3.16e-06 control=1.15e-05 ratio=0.27 passes=6000
[t19] 26/27 checks passed
exit: 
