[sumi INFO] renderer: sim targets 2560x1440 (output 2560x1440, sim_scale 1.000)
[sumi INFO] sumi_create: instance ready
[sumi INFO] renderer: sim targets 512x512 (output 512x512, sim_scale 1.000)
[sumi INFO] renderer: paper-dip print ready
[sumi INFO] normalizer: input mode -> MPE
[sumi INFO] normalizer: MCM lower zone, 15 member channels
[sumi INFO] renderer: paper-dip print ready
[sumi INFO] normalizer: MCM lower zone, 15 member channels
[sumi INFO] renderer: paper-dip print ready
[sumi INFO] sumi_destroy: instance destroyed
midi-sink 1.0.0-dirty (commit 7cef150, libsumi 1.1.0)  [--dev lab bench]
[soak] chladni-field: 500 pairs + 6000-pass stream + 6000-pass glide-tine control
[soak] chladni-field (a) class sub-stepped: the inverse Chladni: the discs' rings summed into ONE displacement field (a radial swirl is divergence-free, so the sum is), cells at 1.5 of their keys overlapping - area-preserving to first order; a pass of theta on radius R has |grad d| ~ 4.6 theta per disc (MEDIUM 2.2, step 43)
[soak] chladni-field pairs 100: ink mass 85258 (base 85553, -0.34%)
[soak] chladni-field pairs 200: ink mass 85197 (base 85553, -0.42%)
[soak] chladni-field pairs 300: ink mass 85287 (base 85553, -0.31%)
[soak] chladni-field pairs 400: ink mass 85477 (base 85553, -0.09%)
[soak] chladni-field pairs 500: ink mass 85700 (base 85553, +0.17%)
[soak] chladni-field pairs delta: edge band +0, interior +147 | inked region -3850, water +3997 (base 85553)
[soak] chladni-field (b) pairs (informational for this class): mass -0.42%/+0.17%, pre-image dev 0.75 texel after 500 one-sub-step pairs
ok:   [soak] chladni-field (b) first-order area preservation: one budgeted sub-step, pre-image det min 0.855 (> 0.5) everywhere (the discs' rings, overlapping), mean 1.00000 (|1 - mean| < 2e-3)
[soak] chladni-field stream 1000 passes: ink mass 102507 (base 101978, +0.52%)
[soak] chladni-field stream 2000 passes: ink mass 102915 (base 101978, +0.92%)
[soak] chladni-field stream 3000 passes: ink mass 103210 (base 101978, +1.21%)
[soak] chladni-field stream 4000 passes: ink mass 103390 (base 101978, +1.38%)
[soak] chladni-field stream 5000 passes: ink mass 103533 (base 101978, +1.52%)
[soak] chladni-field stream 6000 passes: ink mass 103647 (base 101978, +1.64%)
ok:   [soak] chladni-field (c) fabrication: mass grew at most +1.64% over 6000 passes (2.7e-06/pass; <= 0.5% or <= 5e-05/pass), edge band +0 / interior +1669; the route moved 126279 texels (alive)
ok:   [soak] chladni-field (d) erosion: -2.73e-06/pass vs glide-tine control 1.15e-05/pass (x-0.24 <= 2)
[soak] chladni-field SUMMARY class=sub-stepped pairs_mass_lo=-0.42% pairs_mass_hi=+0.17% preimage_dev=0.75 det_min=0.855469 det_mean=1.000000 growth=+1.64% rate=-2.73e-06 control=1.15e-05 ratio=-0.24 passes=6000
[t19] 3/3 checks passed
