[sumi INFO] renderer: sim targets 2560x1440 (output 2560x1440, sim_scale 1.000)
[sumi INFO] sumi_create: instance ready
[sumi INFO] renderer: sim targets 512x512 (output 512x512, sim_scale 1.000)
[sumi INFO] normalizer: input mode -> MPE
[sumi INFO] normalizer: MCM lower zone, 15 member channels
[sumi INFO] renderer: paper-dip print ready
[sumi INFO] normalizer: MCM lower zone, 15 member channels
[sumi INFO] renderer: paper-dip print ready
[sumi INFO] sumi_destroy: instance destroyed
midi-sink 1.0.0-dirty (commit 7cef150, libsumi 1.1.0)  [--dev lab bench]
[soak] chladni: 500 pairs + 6000-pass stream + 6000-pass glide-tine control
[soak] chladni (a) class exact: Chladni cells: an eddy in every display cell - a rotation by theta (4 rho^2 (1 - rho^2))^2 inside each disjoint disc (a ring: the core rests), r preserved -> det J = 1; the water between rests (MEDIUM 2.2, step 43)
[soak] chladni pairs 100: ink mass 85369 (base 85553, -0.22%)
[soak] chladni pairs 200: ink mass 85394 (base 85553, -0.19%)
[soak] chladni pairs 300: ink mass 85710 (base 85553, +0.18%)
[soak] chladni pairs 400: ink mass 86055 (base 85553, +0.59%)
[soak] chladni pairs 500: ink mass 86588 (base 85553, +1.21%)
[soak] chladni pairs delta: edge band +0, interior +1035 | inked region -9536, water +10571 (base 85553)
ok:   [soak] chladni (b) inversion: 500 (+k,-k) pairs hold ink mass -0.22%/+1.21% (|<= 5%|), pre-image dev 5.16 texel (<= 8.0)
[soak] chladni stream 1000 passes: ink mass 102922 (base 103017, -0.09%)
[soak] chladni stream 2000 passes: ink mass 102859 (base 103017, -0.15%)
[soak] chladni stream 3000 passes: ink mass 102879 (base 103017, -0.13%)
[soak] chladni stream 4000 passes: ink mass 102903 (base 103017, -0.11%)
[soak] chladni stream 5000 passes: ink mass 102914 (base 103017, -0.10%)
[soak] chladni stream 6000 passes: ink mass 102920 (base 103017, -0.09%)
ok:   [soak] chladni (c) fabrication: mass grew at most +0.00% over 6000 passes (0.0e+00/pass; <= 0.5% or <= 5e-05/pass), edge band +0 / interior -97; the route moved 68627 texels (alive)
ok:   [soak] chladni (d) erosion: 1.56e-07/pass vs glide-tine control 1.15e-05/pass (x0.01 <= 2)
[soak] chladni SUMMARY class=exact pairs_mass_lo=-0.22% pairs_mass_hi=+1.21% preimage_dev=5.16 growth=+0.00% rate=1.56e-07 control=1.15e-05 ratio=0.01 passes=6000
[t19] 3/3 checks passed
