2026-09-01 21:00:29.557 midi-sink[44072:5237576] Metal API Validation Enabled
[sumi INFO] renderer: sim targets 2560x1440 (output 2560x1440, sim_scale 1.000)
[sumi INFO] sumi_create: instance ready (Metal)
[midi] input opened: ROLI Piano
[midi] input opened: Sortie virtuelle GarageBand
[midi] input opened: osmose-stress-source
[sumi INFO] normalizer: input mode -> MPE
[sumi INFO] normalizer: MCM lower zone, 15 member channels
[sumi INFO] sumi_destroy: instance destroyed
sumi_version: 0.2.0
[params] viscosity 0.50  expansion 1.00  roughness 0.30  palette 0  layout 0
[params] viscosity 0.50  expansion 1.00  roughness 0.65  palette 1  layout 1
[params] viscosity 0.50  expansion 1.00  roughness 1.00  palette 2  layout 2
[params] viscosity 0.50  expansion 1.00  roughness 0.30  palette 0  layout 0
[params] viscosity 0.50  expansion 1.00  roughness 0.65  palette 1  layout 1
[params] viscosity 0.50  expansion 1.00  roughness 1.00  palette 2  layout 2
[params] viscosity 0.50  expansion 1.00  roughness 0.30  palette 0  layout 0
[params] viscosity 0.50  expansion 1.00  roughness 0.65  palette 1  layout 1
frames: 1574 in 16.01s (avg 98.3 fps), frame time min/max 0.45/35.00 ms
dropped MIDI messages: 0
