== before: default + sessions
* (default) LG ULTRAGEAR+ (NVIDIA High Definition Audio)
      session pid 21324 midi-sink.exe: ACTIVE
  Realtek Digital Output (Realtek USB Audio)
  Odyssey G8 (HD Audio Driver for Display Audio)
== switch default -> Realtek (Voxo playing the demo)
target: Realtek Digital Output (Realtek USB Audio)
default render endpoint switched
== after switch: sessions
  LG ULTRAGEAR+ (NVIDIA High Definition Audio)
      session pid 21324 midi-sink.exe: inactive
* (default) Realtek Digital Output (Realtek USB Audio)
      session pid 21324 midi-sink.exe: ACTIVE
  Odyssey G8 (HD Audio Driver for Display Audio)
== switch default -> Odyssey
target: Odyssey G8 (HD Audio Driver for Display Audio)
default render endpoint switched
  LG ULTRAGEAR+ (NVIDIA High Definition Audio)
      session pid 21324 midi-sink.exe: inactive
  Realtek Digital Output (Realtek USB Audio)
      session pid 21324 midi-sink.exe: inactive
* (default) Odyssey G8 (HD Audio Driver for Display Audio)
      session pid 21324 midi-sink.exe: ACTIVE
== switch default back -> LG
target: LG ULTRAGEAR+ (NVIDIA High Definition Audio)
default render endpoint switched
* (default) LG ULTRAGEAR+ (NVIDIA High Definition Audio)
      session pid 21324 midi-sink.exe: ACTIVE
  Realtek Digital Output (Realtek USB Audio)
      session pid 21324 midi-sink.exe: inactive
  Odyssey G8 (HD Audio Driver for Display Audio)
      session pid 21324 midi-sink.exe: inactive
