'vswhere.exe' n’est pas reconnu en tant que commande interne
ou externe, un programme exécutable ou un fichier de commandes.
[1/1] Cleaning all built files...
Cleaning... 72 files.
[1/71] Building CXX object _deps\libremidi-build\CMakeFiles\libremidi.dir\include\libremidi\backends\emscripten\observer.cpp.obj
[2/71] Building CXX object _deps\libremidi-build\CMakeFiles\libremidi.dir\include\libremidi\backends\emscripten\midi_out.cpp.obj
[3/71] Building CXX object _deps\libremidi-build\CMakeFiles\libremidi.dir\include\libremidi\backends\emscripten\midi_access.cpp.obj
[4/71] Building CXX object _deps\libremidi-build\CMakeFiles\libremidi.dir\include\libremidi\backends\emscripten\midi_in.cpp.obj
[5/71] Building C object _deps\glfw-build\src\CMakeFiles\glfw.dir\null_init.c.obj
[6/71] Building C object _deps\glfw-build\src\CMakeFiles\glfw.dir\window.c.obj
[7/71] Building C object _deps\glfw-build\src\CMakeFiles\glfw.dir\null_joystick.c.obj
[8/71] Building C object _deps\glfw-build\src\CMakeFiles\glfw.dir\win32_module.c.obj
[9/71] Building C object _deps\glfw-build\src\CMakeFiles\glfw.dir\vulkan.c.obj
[10/71] Building C object _deps\glfw-build\src\CMakeFiles\glfw.dir\input.c.obj
[11/71] Building C object _deps\glfw-build\src\CMakeFiles\glfw.dir\platform.c.obj
[12/71] Building C object _deps\glfw-build\src\CMakeFiles\glfw.dir\monitor.c.obj
[13/71] Building C object _deps\glfw-build\src\CMakeFiles\glfw.dir\osmesa_context.c.obj
[14/71] Building C object _deps\glfw-build\src\CMakeFiles\glfw.dir\null_window.c.obj
[15/71] Building C object _deps\glfw-build\src\CMakeFiles\glfw.dir\egl_context.c.obj
[16/71] Building C object _deps\glfw-build\src\CMakeFiles\glfw.dir\null_monitor.c.obj
[17/71] Building C object _deps\glfw-build\src\CMakeFiles\glfw.dir\init.c.obj
[18/71] Building C object _deps\glfw-build\src\CMakeFiles\glfw.dir\context.c.obj
[19/71] Building CXX object tests\CMakeFiles\normalizer_tests.dir\__\core\src\layouts.cpp.obj
[20/71] Building CXX object tests\CMakeFiles\normalizer_tests.dir\__\core\src\displacement.cpp.obj
[21/71] Building C object tests\CMakeFiles\field_dump_compare.dir\field_dump_compare.c.obj
[22/71] Building CXX object tests\CMakeFiles\normalizer_tests.dir\__\core\src\voice_mapper.cpp.obj
[23/71] Building C object _deps\glfw-build\src\CMakeFiles\glfw.dir\win32_time.c.obj
[24/71] Building C object _deps\glfw-build\src\CMakeFiles\glfw.dir\win32_thread.c.obj
[25/71] Building C object _deps\glfw-build\src\CMakeFiles\glfw.dir\win32_init.c.obj
[26/71] Building CXX object tests\CMakeFiles\normalizer_tests.dir\__\core\src\midi_normalizer.cpp.obj
[27/71] Building CXX object tests\CMakeFiles\normalizer_tests.dir\normalizer_tests.cpp.obj
[28/71] Building C object _deps\glfw-build\src\CMakeFiles\glfw.dir\win32_joystick.c.obj
[29/71] Building C object _deps\glfw-build\src\CMakeFiles\glfw.dir\wgl_context.c.obj
[30/71] Building C object _deps\glfw-build\src\CMakeFiles\glfw.dir\win32_window.c.obj
[31/71] Building C object _deps\glfw-build\src\CMakeFiles\glfw.dir\win32_monitor.c.obj
[32/71] Linking C static library _deps\glfw-build\src\glfw3.lib
[33/71] Linking C executable tests\field_dump_compare.exe
[34/71] Linking CXX executable tests\normalizer_tests.exe
[35/71] Building CXX object _deps\libremidi-build\CMakeFiles\libremidi.dir\include\libremidi\reader.cpp.obj
C:\Users\pedro\projects\midi-sink\build\_deps\libremidi-src\include\libremidi\reader.cpp(604): warning C4389: '!=': signed/unsigned mismatch
C:\Users\pedro\projects\midi-sink\build\_deps\libremidi-src\include\libremidi\reader.cpp(664): warning C4101: 'e': unreferenced local variable
C:\Users\pedro\projects\midi-sink\build\_deps\libremidi-src\include\libremidi\reader.cpp(697): warning C4101: 'e': unreferenced local variable
[36/71] Building CXX object _deps\libremidi-build\CMakeFiles\libremidi.dir\include\libremidi\writer.cpp.obj
[37/71] Building CXX object _deps\glm-build\glm\CMakeFiles\glm.dir\detail\glm.cpp.obj
[38/71] Linking CXX static library _deps\glm-build\glm\glm.lib
[39/71] sokol-shdc: deform.glsl -> deform.glsl.h [metal_macos:hlsl5:glsl410:glsl300es]
[40/71] sokol-shdc: composite.glsl -> composite.glsl.h [metal_macos:hlsl5:glsl410:glsl300es]
[41/71] Building C object tests\CMakeFiles\abi_c_compile_static.dir\abi_c_compile.c.obj
[42/71] Building C object tests\CMakeFiles\abi_c_compile.dir\abi_c_compile.c.obj
[43/71] Building CXX object core\CMakeFiles\sumi_objs.dir\src\displacement.cpp.obj
cl : Command line warning D9025 : overriding '/EHs' with '/EHs-'
cl : Command line warning D9025 : overriding '/EHc' with '/EHc-'
[44/71] Building CXX object core\CMakeFiles\sumi_objs_shared.dir\src\displacement.cpp.obj
cl : Command line warning D9025 : overriding '/EHs' with '/EHs-'
cl : Command line warning D9025 : overriding '/EHc' with '/EHc-'
[45/71] Building CXX object core\CMakeFiles\sumi_objs_shared.dir\src\layouts.cpp.obj
cl : Command line warning D9025 : overriding '/EHs' with '/EHs-'
cl : Command line warning D9025 : overriding '/EHc' with '/EHc-'
[46/71] Building CXX object core\CMakeFiles\sumi_objs.dir\src\layouts.cpp.obj
cl : Command line warning D9025 : overriding '/EHs' with '/EHs-'
cl : Command line warning D9025 : overriding '/EHc' with '/EHc-'
[47/71] Building CXX object core\CMakeFiles\sumi_objs.dir\src\voice_mapper.cpp.obj
cl : Command line warning D9025 : overriding '/EHs' with '/EHs-'
cl : Command line warning D9025 : overriding '/EHc' with '/EHc-'
[48/71] Building CXX object core\CMakeFiles\sumi_objs_shared.dir\src\engine.cpp.obj
cl : Command line warning D9025 : overriding '/EHs' with '/EHs-'
cl : Command line warning D9025 : overriding '/EHc' with '/EHc-'
[49/71] Building CXX object core\CMakeFiles\sumi_objs.dir\src\engine.cpp.obj
cl : Command line warning D9025 : overriding '/EHs' with '/EHs-'
cl : Command line warning D9025 : overriding '/EHc' with '/EHc-'
[50/71] Building CXX object core\CMakeFiles\sumi_objs_shared.dir\src\voice_mapper.cpp.obj
cl : Command line warning D9025 : overriding '/EHs' with '/EHs-'
cl : Command line warning D9025 : overriding '/EHc' with '/EHc-'
[51/71] Building CXX object core\CMakeFiles\sumi_objs.dir\src\midi_normalizer.cpp.obj
cl : Command line warning D9025 : overriding '/EHs' with '/EHs-'
cl : Command line warning D9025 : overriding '/EHc' with '/EHc-'
[52/71] Building CXX object core\CMakeFiles\sumi_objs_shared.dir\src\midi_normalizer.cpp.obj
cl : Command line warning D9025 : overriding '/EHs' with '/EHs-'
cl : Command line warning D9025 : overriding '/EHc' with '/EHc-'
[53/71] Building CXX object core\CMakeFiles\sumi_objs.dir\src\renderer.cpp.obj
cl : Command line warning D9025 : overriding '/EHs' with '/EHs-'
cl : Command line warning D9025 : overriding '/EHc' with '/EHc-'
[54/71] Building CXX object core\CMakeFiles\sumi_objs_shared.dir\src\renderer.cpp.obj
cl : Command line warning D9025 : overriding '/EHs' with '/EHs-'
cl : Command line warning D9025 : overriding '/EHc' with '/EHc-'
[55/71] Building CXX object tests\CMakeFiles\mpe_stress_win.dir\mpe_stress_win.cpp.obj
[56/71] Building CXX object core\CMakeFiles\sumi_objs.dir\src\swapchain_d3d11.cpp.obj
cl : Command line warning D9025 : overriding '/EHs' with '/EHs-'
cl : Command line warning D9025 : overriding '/EHc' with '/EHc-'
[57/71] Building CXX object core\CMakeFiles\sumi_objs_shared.dir\src\swapchain_d3d11.cpp.obj
cl : Command line warning D9025 : overriding '/EHs' with '/EHs-'
cl : Command line warning D9025 : overriding '/EHc' with '/EHc-'
[58/71] Linking CXX executable tests\mpe_stress_win.exe
[59/71] Linking CXX static library core\sumi_static.lib
[60/71] Linking CXX shared library core\sumi.dll
[61/71] Linking CXX executable tests\abi_c_compile_static.exe
[62/71] Building CXX object desktop\CMakeFiles\midi-sink.dir\src\main.cpp.obj
[63/71] Linking C executable tests\abi_c_compile.exe
[64/71] Building CXX object desktop\CMakeFiles\midi-sink.dir\src\midi_harness.cpp.obj
[65/71] Building CXX object _deps\libremidi-build\CMakeFiles\libremidi.dir\include\libremidi\libremidi-c.cpp.obj
[66/71] Building CXX object _deps\libremidi-build\CMakeFiles\libremidi.dir\include\libremidi\midi_out.cpp.obj
C:\Users\pedro\projects\midi-sink\build\_deps\libremidi-src\include\libremidi\midi_out.cpp(41): warning C4101: 'e': unreferenced local variable
C:\Users\pedro\projects\midi-sink\build\_deps\libremidi-src\include\libremidi\midi_out.cpp(53): warning C4101: 'e': unreferenced local variable
C:\Users\pedro\projects\midi-sink\build\_deps\libremidi-src\include\libremidi\cmidi2.hpp(2426) : warning C4702: unreachable code
C:\Users\pedro\projects\midi-sink\build\_deps\libremidi-src\include\libremidi\cmidi2.hpp(2907) : warning C4701: potentially uninitialized local variable 'm2' used
C:\Users\pedro\projects\midi-sink\build\_deps\libremidi-src\include\libremidi\cmidi2.hpp(2484) : warning C4702: unreachable code
[67/71] Building CXX object _deps\libremidi-build\CMakeFiles\libremidi.dir\include\libremidi\observer.cpp.obj
C:\Users\pedro\projects\midi-sink\build\_deps\libremidi-src\include\libremidi\observer.cpp(22): warning C4101: 'e': unreferenced local variable
C:\Users\pedro\projects\midi-sink\build\_deps\libremidi-src\include\libremidi\observer.cpp(22): note: the template instantiation context (the oldest one first) is
C:\Users\pedro\projects\midi-sink\build\_deps\libremidi-src\include\libremidi\observer.cpp(87): note: see reference to function template instantiation 'std::unique_ptr<libremidi::observer_api,std::default_delete<libremidi::observer_api>> libremidi::make_observer<libremidi::observer_configuration>(const _T0 &)' being compiled
        with
        [
            _T0=libremidi::observer_configuration
        ]
C:\Users\pedro\projects\midi-sink\build\_deps\libremidi-src\include\libremidi\observer.cpp(34): warning C4101: 'e': unreferenced local variable
[68/71] Building CXX object _deps\libremidi-build\CMakeFiles\libremidi.dir\include\libremidi\midi_in.cpp.obj
C:\Users\pedro\projects\midi-sink\build\_deps\libremidi-src\include\libremidi\midi_in.cpp(94): warning C4101: 'e': unreferenced local variable
C:\Users\pedro\projects\midi-sink\build\_deps\libremidi-src\include\libremidi\midi_in.cpp(110): warning C4101: 'e': unreferenced local variable
C:\Users\pedro\projects\midi-sink\build\_deps\libremidi-src\include\libremidi\midi_in.cpp(192): warning C4101: 'e': unreferenced local variable
C:\Users\pedro\projects\midi-sink\build\_deps\libremidi-src\include\libremidi\midi_in.cpp(207): warning C4101: 'e': unreferenced local variable
C:\Users\pedro\projects\midi-sink\build\_deps\libremidi-src\include\libremidi\cmidi2.hpp(2907) : warning C4701: potentially uninitialized local variable 'm2' used
C:\Users\pedro\projects\midi-sink\build\_deps\libremidi-src\include\libremidi\cmidi2.hpp(2426) : warning C4702: unreachable code
C:\Users\pedro\projects\midi-sink\build\_deps\libremidi-src\include\libremidi\cmidi2.hpp(2484) : warning C4702: unreachable code
[69/71] Building CXX object _deps\libremidi-build\CMakeFiles\libremidi.dir\include\libremidi\libremidi.cpp.obj
C:\Users\pedro\projects\midi-sink\build\_deps\libremidi-src\include\libremidi\libremidi.cpp(149): warning C4101: 'e': unreferenced local variable
C:\Users\pedro\projects\midi-sink\build\_deps\libremidi-src\include\libremidi\libremidi.cpp(163): warning C4101: 'e': unreferenced local variable
[70/71] Linking CXX static library _deps\libremidi-build\libremidi.lib
[71/71] Linking CXX executable desktop\midi-sink.exe
