.\build\desktop\midi-sink.exe : [sumi WARN] [sg:2] item=40 line=14163 
file=C:\Users\pedro\projects\midi-sink\build\_deps\sokol-src\sokol_gfx.h: D3D11_SHADER_COMPILATION_OUTPUT: 
Au caractère Ligne:1 : 436
+ ... 11\ -Force; .\build\desktop\midi-sink.exe --resize-test --exit-after  ...
+                 ~~~~~~~~~~~~~~~~~~~~~~~~~~~~~~~~~~~~~~~~~~~~~~~~~~~~~~~~~
    + CategoryInfo          : NotSpecified: ([sumi WARN] [sg...LATION_OUTPUT: :String) [], RemoteException
    + FullyQualifiedErrorId : NativeCommandError
 
[sumi INFO] [sg:3] item=40 line=14164 file=C:\Users\pedro\projects\midi-sink\build\_deps\sokol-src\sokol_gfx.h: 
C:\Users\pedro\projects\midi-sink\Shader@0x00007FF72CF9D8E0(140,22-60): warning X3571: pow(f, e) will not work for 
negative f, use abs(f) or conditionally handle negative values if you expect them
C:\Users\pedro\projects\midi-sink\Shader@0x00007FF72CF9D8E0(140,145-183): warning X3571: pow(f, e) will not work for 
negative f, use abs(f) or conditionally handle negative values if you expect them
C:\Users\pedro\
[sumi WARN] [sg:2] item=40 line=14163 file=C:\Users\pedro\projects\midi-sink\build\_deps\sokol-src\sokol_gfx.h: 
D3D11_SHADER_COMPILATION_OUTPUT: 
[sumi INFO] [sg:3] item=40 line=14164 file=C:\Users\pedro\projects\midi-sink\build\_deps\sokol-src\sokol_gfx.h: 
C:\Users\pedro\projects\midi-sink\Shader@0x00007FF72CF9D8E0(140,22-60): warning X3571: pow(f, e) will not work for 
negative f, use abs(f) or conditionally handle negative values if you expect them
C:\Users\pedro\projects\midi-sink\Shader@0x00007FF72CF9D8E0(140,145-183): warning X3571: pow(f, e) will not work for 
negative f, use abs(f) or conditionally handle negative values if you expect them
C:\Users\pedro\
[sumi INFO] renderer: sim targets 1280x720 (output 1280x720, sim_scale 1.000)
[sumi INFO] sumi_create: instance ready
[midi] input opened: ROLI Piano 1
[midi] input opened: loopMIDI Port 1
[sumi INFO] renderer: sim targets 900x500 (output 900x500, sim_scale 1.000)
[sumi INFO] renderer: sim targets 1440x900 (output 1440x900, sim_scale 1.000)
[sumi INFO] sumi_destroy: instance destroyed
