== 2026-09-22T02:03:57Z midi-sink --dev --soak burst (Metal, 6000-pass stream)
[sumi INFO] renderer: sim targets 2560x1440 (output 2560x1440, sim_scale 1.000)
[sumi INFO] sumi_create: instance ready
[sumi INFO] renderer: sim targets 512x512 (output 512x512, sim_scale 1.000)
[sumi INFO] renderer: paper-dip print ready
[sumi INFO] normalizer: input mode -> MPE
[sumi INFO] normalizer: MCM lower zone, 15 member channels
[sumi INFO] renderer: paper-dip print ready
[sumi INFO] normalizer: MCM lower zone, 15 member channels
[sumi INFO] renderer: paper-dip print ready
[sumi INFO] sumi_destroy: instance destroyed
midi-sink 1.0.0-dirty (commit 7cef150, libsumi 0.12.0)  [--dev lab bench]
[soak] burst: 500 pairs + 6000-pass stream + 6000-pass glide-tine control
[soak] burst (a) class sub-stepped: viscous multipole burst: d = grad-perp Psi, div d = 0 as a field, applied in passes whose peak displacement <= beta_m x the current core (|grad d| <= 0.25; MEDIUM 2.3, DECISIONS_5 #29)
[soak] burst pairs 100: ink mass 81702 (base 85553, -4.50%)
[soak] burst pairs 200: ink mass 78731 (base 85553, -7.97%)
[soak] burst pairs 300: ink mass 75958 (base 85553, -11.21%)
[soak] burst pairs 400: ink mass 73273 (base 85553, -14.35%)
[soak] burst pairs 500: ink mass 70475 (base 85553, -17.62%)
[soak] burst pairs delta: edge band +0, interior -15078 | inked region -19791, water +4714 (base 85553)
[soak] burst (b) pairs (informational for this class): mass -17.62%/+0.00%, pre-image dev 2.29 texel after 500 one-sub-step pairs
ok:   [soak] burst (b) first-order area preservation: one budgeted sub-step, pre-image det min 0.812 (> 0.5) everywhere, mean 1.00000 (|1 - mean| < 2e-3)
[soak] burst stream 1000 passes: ink mass 100748 (base 101978, -1.21%)
[soak] burst stream 2000 passes: ink mass 99635 (base 101978, -2.30%)
[soak] burst stream 3000 passes: ink mass 98792 (base 101978, -3.12%)
[soak] burst stream 4000 passes: ink mass 97930 (base 101978, -3.97%)
[soak] burst stream 5000 passes: ink mass 97117 (base 101978, -4.77%)
[soak] burst stream 6000 passes: ink mass 96290 (base 101978, -5.58%)
ok:   [soak] burst (c) fabrication: mass grew at most +0.00% over 6000 passes (0.0e+00/pass; <= 0.5% or <= 5e-05/pass), edge band +0 / interior -5688; the route moved 71539 texels (alive)
ok:   [soak] burst (d) erosion: 9.30e-06/pass vs glide-tine control 1.15e-05/pass (x0.81 <= 2)
[soak] burst SUMMARY class=sub-stepped pairs_mass_lo=-17.62% pairs_mass_hi=+0.00% preimage_dev=2.29 det_min=0.812500 det_mean=1.000002 growth=+0.00% rate=9.30e-06 control=1.15e-05 ratio=0.81 passes=6000
[t19] 3/3 checks passed
